Archive member included to satisfy reference by file (symbol)

c:/program files/microchip/xc8/v2.31/avr/bin/../lib/gcc/avr/5.4.0/avr5/memx-const\libgcc.a(_exit.o)
                              C:/Program Files (x86)/Atmel/Studio/7.0/Packs/atmel/ATmega_DFP/1.6.364/xc8/avr/lib/avr5/memx-const/crtatmega328p.o (exit)
c:/program files/microchip/xc8/v2.31/avr/bin/../lib/gcc/avr/5.4.0/avr5/memx-const\libgcc.a(_copy_data.o)
                              main.o (__do_copy_data)
c:/program files/microchip/xc8/v2.31/avr/bin/../lib/gcc/avr/5.4.0/../../../../avr/lib/avr5/memx-const\libc.a(memset.o)
                              main.o (memset)

Discarded input sections

 .data          0x0000000000000000        0x0 C:/Program Files (x86)/Atmel/Studio/7.0/Packs/atmel/ATmega_DFP/1.6.364/xc8/avr/lib/avr5/memx-const/crtatmega328p.o
 .bss           0x0000000000000000        0x0 C:/Program Files (x86)/Atmel/Studio/7.0/Packs/atmel/ATmega_DFP/1.6.364/xc8/avr/lib/avr5/memx-const/crtatmega328p.o
 .text          0x0000000000000000        0x0 eeprom.o
 .data          0x0000000000000000        0x0 eeprom.o
 .bss           0x0000000000000000        0x0 eeprom.o
 .text.eeprom_read
                0x0000000000000000       0x12 eeprom.o
 .debug_info    0x0000000000000000      0x293 eeprom.o
 .debug_abbrev  0x0000000000000000       0x57 eeprom.o
 .debug_loc     0x0000000000000000       0x32 eeprom.o
 .debug_aranges
                0x0000000000000000       0x20 eeprom.o
 .debug_ranges  0x0000000000000000       0x10 eeprom.o
 .debug_line    0x0000000000000000       0x9e eeprom.o
 .debug_str     0x0000000000000000        0x0 eeprom.o
 .comment       0x0000000000000000       0x30 eeprom.o
 .debug_frame   0x0000000000000000       0x24 eeprom.o
 .text          0x0000000000000000        0x0 main.o
 .data          0x0000000000000000        0x0 main.o
 .bss           0x0000000000000000        0x0 main.o
 .text          0x0000000000000000        0x0 nrf24l01.o
 .data          0x0000000000000000        0x0 nrf24l01.o
 .bss           0x0000000000000000        0x0 nrf24l01.o
 .text.nrf24_payloadLength
                0x0000000000000000       0x40 nrf24l01.o
 .text.nrf24_getData
                0x0000000000000000       0x62 nrf24l01.o
 .text.nrf24_rxFifoEmpty
                0x0000000000000000       0x12 nrf24l01.o
 .text.nrf24_dataReady
                0x0000000000000000       0x12 nrf24l01.o
 .text          0x0000000000000000        0x0 spi.o
 .data          0x0000000000000000        0x0 spi.o
 .bss           0x0000000000000000        0x0 spi.o
 .text.spi_exchange_n
                0x0000000000000000       0x4c spi.o
 .text          0x0000000000000000        0x0 uart.o
 .data          0x0000000000000000        0x0 uart.o
 .bss           0x0000000000000000        0x0 uart.o
 .text.uart_getc
                0x0000000000000000        0xe uart.o
 .text          0x0000000000000000        0x0 c:/program files/microchip/xc8/v2.31/avr/bin/../lib/gcc/avr/5.4.0/avr5/memx-const\libgcc.a(_exit.o)
 .data          0x0000000000000000        0x0 c:/program files/microchip/xc8/v2.31/avr/bin/../lib/gcc/avr/5.4.0/avr5/memx-const\libgcc.a(_exit.o)
 .bss           0x0000000000000000        0x0 c:/program files/microchip/xc8/v2.31/avr/bin/../lib/gcc/avr/5.4.0/avr5/memx-const\libgcc.a(_exit.o)
 .text.libgcc.mul
                0x0000000000000000        0x0 c:/program files/microchip/xc8/v2.31/avr/bin/../lib/gcc/avr/5.4.0/avr5/memx-const\libgcc.a(_exit.o)
 .text.libgcc.div
                0x0000000000000000        0x0 c:/program files/microchip/xc8/v2.31/avr/bin/../lib/gcc/avr/5.4.0/avr5/memx-const\libgcc.a(_exit.o)
 .text.libgcc   0x0000000000000000        0x0 c:/program files/microchip/xc8/v2.31/avr/bin/../lib/gcc/avr/5.4.0/avr5/memx-const\libgcc.a(_exit.o)
 .text.libgcc.prologue
                0x0000000000000000        0x0 c:/program files/microchip/xc8/v2.31/avr/bin/../lib/gcc/avr/5.4.0/avr5/memx-const\libgcc.a(_exit.o)
 .text.libgcc.builtins
                0x0000000000000000        0x0 c:/program files/microchip/xc8/v2.31/avr/bin/../lib/gcc/avr/5.4.0/avr5/memx-const\libgcc.a(_exit.o)
 .text.libgcc.fmul
                0x0000000000000000        0x0 c:/program files/microchip/xc8/v2.31/avr/bin/../lib/gcc/avr/5.4.0/avr5/memx-const\libgcc.a(_exit.o)
 .text.libgcc.fixed
                0x0000000000000000        0x0 c:/program files/microchip/xc8/v2.31/avr/bin/../lib/gcc/avr/5.4.0/avr5/memx-const\libgcc.a(_exit.o)
 .text          0x0000000000000000        0x0 c:/program files/microchip/xc8/v2.31/avr/bin/../lib/gcc/avr/5.4.0/avr5/memx-const\libgcc.a(_copy_data.o)
 .data          0x0000000000000000        0x0 c:/program files/microchip/xc8/v2.31/avr/bin/../lib/gcc/avr/5.4.0/avr5/memx-const\libgcc.a(_copy_data.o)
 .bss           0x0000000000000000        0x0 c:/program files/microchip/xc8/v2.31/avr/bin/../lib/gcc/avr/5.4.0/avr5/memx-const\libgcc.a(_copy_data.o)
 .text.libgcc.mul
                0x0000000000000000        0x0 c:/program files/microchip/xc8/v2.31/avr/bin/../lib/gcc/avr/5.4.0/avr5/memx-const\libgcc.a(_copy_data.o)
 .text.libgcc.div
                0x0000000000000000        0x0 c:/program files/microchip/xc8/v2.31/avr/bin/../lib/gcc/avr/5.4.0/avr5/memx-const\libgcc.a(_copy_data.o)
 .text.libgcc   0x0000000000000000        0x0 c:/program files/microchip/xc8/v2.31/avr/bin/../lib/gcc/avr/5.4.0/avr5/memx-const\libgcc.a(_copy_data.o)
 .text.libgcc.prologue
                0x0000000000000000        0x0 c:/program files/microchip/xc8/v2.31/avr/bin/../lib/gcc/avr/5.4.0/avr5/memx-const\libgcc.a(_copy_data.o)
 .text.libgcc.builtins
                0x0000000000000000        0x0 c:/program files/microchip/xc8/v2.31/avr/bin/../lib/gcc/avr/5.4.0/avr5/memx-const\libgcc.a(_copy_data.o)
 .text.libgcc.fmul
                0x0000000000000000        0x0 c:/program files/microchip/xc8/v2.31/avr/bin/../lib/gcc/avr/5.4.0/avr5/memx-const\libgcc.a(_copy_data.o)
 .text.libgcc.fixed
                0x0000000000000000        0x0 c:/program files/microchip/xc8/v2.31/avr/bin/../lib/gcc/avr/5.4.0/avr5/memx-const\libgcc.a(_copy_data.o)
 .text          0x0000000000000000        0x0 c:/program files/microchip/xc8/v2.31/avr/bin/../lib/gcc/avr/5.4.0/../../../../avr/lib/avr5/memx-const\libc.a(memset.o)
 .data          0x0000000000000000        0x0 c:/program files/microchip/xc8/v2.31/avr/bin/../lib/gcc/avr/5.4.0/../../../../avr/lib/avr5/memx-const\libc.a(memset.o)
 .bss           0x0000000000000000        0x0 c:/program files/microchip/xc8/v2.31/avr/bin/../lib/gcc/avr/5.4.0/../../../../avr/lib/avr5/memx-const\libc.a(memset.o)

Memory Configuration

Name             Origin             Length             Attributes
text             0x0000000000000000 0x0000000000008000 xr
data             0x0000000000800100 0x0000000000000800 rw !x
eeprom           0x0000000000810000 0x0000000000000400 rw !x
fuse             0x0000000000820000 0x0000000000000003 rw !x
lock             0x0000000000830000 0x0000000000000400 rw !x
signature        0x0000000000840000 0x0000000000000400 rw !x
user_signatures  0x0000000000850000 0x0000000000000400 rw !x
*default*        0x0000000000000000 0xffffffffffffffff

Linker script and memory map

Address of section .data set to 0x800100
LOAD C:/Program Files (x86)/Atmel/Studio/7.0/Packs/atmel/ATmega_DFP/1.6.364/xc8/avr/lib/avr5/memx-const/crtatmega328p.o
LOAD eeprom.o
LOAD main.o
LOAD nrf24l01.o
LOAD spi.o
LOAD uart.o
START GROUP
LOAD c:/program files/microchip/xc8/v2.31/avr/bin/../lib/gcc/avr/5.4.0/../../../../avr/lib/avr5/memx-const\libm.a
END GROUP
START GROUP
LOAD c:/program files/microchip/xc8/v2.31/avr/bin/../lib/gcc/avr/5.4.0/avr5/memx-const\libgcc.a
LOAD c:/program files/microchip/xc8/v2.31/avr/bin/../lib/gcc/avr/5.4.0/../../../../avr/lib/avr5/memx-const\libm.a
LOAD c:/program files/microchip/xc8/v2.31/avr/bin/../lib/gcc/avr/5.4.0/../../../../avr/lib/avr5/memx-const\libc.a
LOAD C:/Program Files (x86)/Atmel/Studio/7.0/Packs/atmel/ATmega_DFP/1.6.364/xc8/avr/lib/avr5/memx-const\libatmega328p.a
END GROUP
                0x0000000000000000                __TEXT_REGION_ORIGIN__ = DEFINED (__TEXT_REGION_ORIGIN__)?__TEXT_REGION_ORIGIN__:0x0
                [0x0000000000800100]                __DATA_REGION_ORIGIN__ = DEFINED (__DATA_REGION_ORIGIN__)?__DATA_REGION_ORIGIN__:0x800060
                [0x0000000000008000]                __TEXT_REGION_LENGTH__ = DEFINED (__TEXT_REGION_LENGTH__)?__TEXT_REGION_LENGTH__:0x20000
                [0x0000000000000800]                __DATA_REGION_LENGTH__ = DEFINED (__DATA_REGION_LENGTH__)?__DATA_REGION_LENGTH__:0xffa0
                [0x0000000000000400]                __EEPROM_REGION_LENGTH__ = DEFINED (__EEPROM_REGION_LENGTH__)?__EEPROM_REGION_LENGTH__:0x10000
                [0x0000000000000003]                __FUSE_REGION_LENGTH__ = DEFINED (__FUSE_REGION_LENGTH__)?__FUSE_REGION_LENGTH__:0x400
                0x0000000000000400                __LOCK_REGION_LENGTH__ = DEFINED (__LOCK_REGION_LENGTH__)?__LOCK_REGION_LENGTH__:0x400
                0x0000000000000400                __SIGNATURE_REGION_LENGTH__ = DEFINED (__SIGNATURE_REGION_LENGTH__)?__SIGNATURE_REGION_LENGTH__:0x400
                0x0000000000000400                __USER_SIGNATURE_REGION_LENGTH__ = DEFINED (__USER_SIGNATURE_REGION_LENGTH__)?__USER_SIGNATURE_REGION_LENGTH__:0x400

.hash
 *(.hash)

.dynsym
 *(.dynsym)

.dynstr
 *(.dynstr)

.gnu.version
 *(.gnu.version)

.gnu.version_d
 *(.gnu.version_d)

.gnu.version_r
 *(.gnu.version_r)

.rel.init
 *(.rel.init)

.rela.init
 *(.rela.init)

.rel.text
 *(.rel.text)
 *(.rel.text.*)
 *(.rel.gnu.linkonce.t*)

.rela.text
 *(.rela.text)
 *(.rela.text.*)
 *(.rela.gnu.linkonce.t*)

.rel.fini
 *(.rel.fini)

.rela.fini
 *(.rela.fini)

.rel.rodata
 *(.rel.rodata)
 *(.rel.rodata.*)
 *(.rel.gnu.linkonce.r*)

.rela.rodata
 *(.rela.rodata)
 *(.rela.rodata.*)
 *(.rela.gnu.linkonce.r*)

.rel.data
 *(.rel.data)
 *(.rel.data.*)
 *(.rel.gnu.linkonce.d*)

.rela.data
 *(.rela.data)
 *(.rela.data.*)
 *(.rela.gnu.linkonce.d*)

.rel.ctors
 *(.rel.ctors)

.rela.ctors
 *(.rela.ctors)

.rel.dtors
 *(.rel.dtors)

.rela.dtors
 *(.rela.dtors)

.rel.got
 *(.rel.got)

.rela.got
 *(.rela.got)

.rel.bss
 *(.rel.bss)

.rela.bss
 *(.rela.bss)

.rel.plt
 *(.rel.plt)

.rela.plt
 *(.rela.plt)

.text           0x0000000000000000       0xd0
 *(.vectors)
 .vectors       0x0000000000000000       0x68 C:/Program Files (x86)/Atmel/Studio/7.0/Packs/atmel/ATmega_DFP/1.6.364/xc8/avr/lib/avr5/memx-const/crtatmega328p.o
                0x0000000000000000                __vector_default
                0x0000000000000000                __vectors
 *(.vectors)
 *(.progmem.gcc*)
 *(.dinit)
 .dinit         0x0000000000000068       0x13 data_init
                0x000000000000007c                . = ALIGN (0x2)
 *fill*         0x000000000000007b        0x1 
                0x000000000000007c                __trampolines_start = .
 *(.trampolines)
 .trampolines   0x000000000000007c        0x0 linker stubs
 *(.trampolines*)
                0x000000000000007c                __trampolines_end = .
 *libprintf_flt.a:*(.progmem.data)
 *libc.a:*(.progmem.data)
                0x000000000000007c                . = ALIGN (0x2)
 *(.jumptables)
 *(.jumptables*)
 *(.lowtext)
 *(.lowtext*)
                0x000000000000007c                __ctors_start = .
 *(.ctors)
                0x000000000000007c                __ctors_end = .
                0x000000000000007c                __dtors_start = .
 *(.dtors)
                0x000000000000007c                __dtors_end = .
 SORT(*)(.ctors)
 SORT(*)(.dtors)
 *(.init0)
 .init0         0x000000000000007c        0x0 C:/Program Files (x86)/Atmel/Studio/7.0/Packs/atmel/ATmega_DFP/1.6.364/xc8/avr/lib/avr5/memx-const/crtatmega328p.o
                0x000000000000007c                __init
 *(.init0)
 *(.init1)
 *(.init1)
 *(.init2)
 .init2         0x000000000000007c        0xc C:/Program Files (x86)/Atmel/Studio/7.0/Packs/atmel/ATmega_DFP/1.6.364/xc8/avr/lib/avr5/memx-const/crtatmega328p.o
 *(.init2)
 *(.init3)
 *(.init3)
 *(.init4)
 .init4         0x0000000000000088       0x3c c:/program files/microchip/xc8/v2.31/avr/bin/../lib/gcc/avr/5.4.0/avr5/memx-const\libgcc.a(_copy_data.o)
                0x0000000000000088                __do_copy_data
                0x00000000000000b6                __do_clear_bss
 *(.init4)
 *(.init5)
 *(.init5)
 *(.init6)
 *(.init6)
 *(.init7)
 *(.init7)
 *(.init8)
 *(.init8)
 *(.init9)
 .init9         0x00000000000000c4        0x8 C:/Program Files (x86)/Atmel/Studio/7.0/Packs/atmel/ATmega_DFP/1.6.364/xc8/avr/lib/avr5/memx-const/crtatmega328p.o
 *(.init9)
                0x00000000000000cc                . = ALIGN (0x2)
 *(.fini9)
 .fini9         0x00000000000000cc        0x0 c:/program files/microchip/xc8/v2.31/avr/bin/../lib/gcc/avr/5.4.0/avr5/memx-const\libgcc.a(_exit.o)
                0x00000000000000cc                _exit
                0x00000000000000cc                exit
 *(.fini9)
 *(.fini8)
 *(.fini8)
 *(.fini7)
 *(.fini7)
 *(.fini6)
 *(.fini6)
 *(.fini5)
 *(.fini5)
 *(.fini4)
 *(.fini4)
 *(.fini3)
 *(.fini3)
 *(.fini2)
 *(.fini2)
 *(.fini1)
 *(.fini1)
 *(.fini0)
 .fini0         0x00000000000000cc        0x4 c:/program files/microchip/xc8/v2.31/avr/bin/../lib/gcc/avr/5.4.0/avr5/memx-const\libgcc.a(_exit.o)
 *(.fini0)
                0x00000000000000d0                _etext = .

.data           0x0000000000800100        0x0 load address 0x00000000000000d0
                [!provide]                        PROVIDE (__data_start, .)
 *(.gnu.linkonce.d*)
 *(.gnu.linkonce.r*)
                0x0000000000800100                . = ALIGN (0x2)
                0x0000000000800100                _edata = .
                [!provide]                        PROVIDE (__data_end, .)

.bss            0x0000000000800100        0x0
                [!provide]                        PROVIDE (__bss_start, .)
 *(COMMON)
                [!provide]                        PROVIDE (__bss_end, .)
                0x00000000000000d0                __data_load_start = LOADADDR (.data)
                0x00000000000000d0                __data_load_end = (__data_load_start + SIZEOF (.data))

.noinit         0x0000000000800100        0x0
                [!provide]                        PROVIDE (__noinit_start, .)
 *(.noinit*)
                [!provide]                        PROVIDE (__noinit_end, .)
                0x0000000000800100                _end = .

.eeprom         0x0000000000810000        0x0
 *(.eeprom*)
                0x0000000000810000                __eeprom_end = .

.fuse
 *(.fuse)
 *(.lfuse)
 *(.hfuse)
 *(.efuse)

.lock
 *(.lock*)

.signature
 *(.signature*)

.user_signatures
 *(.user_signatures*)

.stab
 *(.stab)

.stabstr
 *(.stabstr)

.stab.excl
 *(.stab.excl)

.stab.exclstr
 *(.stab.exclstr)

.stab.index
 *(.stab.index)

.stab.indexstr
 *(.stab.indexstr)

.comment        0x0000000000000000       0x2f
 *(.comment)
 .comment       0x0000000000000000       0x2f main.o
                                         0x30 (size before relaxing)
 .comment       0x000000000000002f       0x30 nrf24l01.o
 .comment       0x000000000000002f       0x30 spi.o
 .comment       0x000000000000002f       0x30 uart.o

.note.gnu.build-id
 *(.note.gnu.build-id)

.debug
 *(.debug)

.line
 *(.line)

.debug_srcinfo
 *(.debug_srcinfo)

.debug_sfnames
 *(.debug_sfnames)

.debug_aranges  0x0000000000000000      0x120
 *(.debug_aranges)
 .debug_aranges
                0x0000000000000000       0x20 main.o
 .debug_aranges
                0x0000000000000020       0x98 nrf24l01.o
 .debug_aranges
                0x00000000000000b8       0x30 spi.o
 .debug_aranges
                0x00000000000000e8       0x38 uart.o

.debug_pubnames
 *(.debug_pubnames)

.debug_info     0x0000000000000000     0x2112
 *(.debug_info .gnu.linkonce.wi.*)
 .debug_info    0x0000000000000000      0x5f4 C:/Program Files (x86)/Atmel/Studio/7.0/Packs/atmel/ATmega_DFP/1.6.364/xc8/avr/lib/avr5/memx-const/crtatmega328p.o
 .debug_info    0x00000000000005f4      0x61a main.o
 .debug_info    0x0000000000000c0e      0xed5 nrf24l01.o
 .debug_info    0x0000000000001ae3      0x320 spi.o
 .debug_info    0x0000000000001e03      0x30f uart.o

.debug_abbrev   0x0000000000000000      0xb5b
 *(.debug_abbrev)
 .debug_abbrev  0x0000000000000000      0x5a2 C:/Program Files (x86)/Atmel/Studio/7.0/Packs/atmel/ATmega_DFP/1.6.364/xc8/avr/lib/avr5/memx-const/crtatmega328p.o
 .debug_abbrev  0x00000000000005a2      0x173 main.o
 .debug_abbrev  0x0000000000000715      0x2b5 nrf24l01.o
 .debug_abbrev  0x00000000000009ca       0xb7 spi.o
 .debug_abbrev  0x0000000000000a81       0xda uart.o

.debug_line     0x0000000000000000      0xae7
 *(.debug_line .debug_line.* .debug_line_end)
 .debug_line    0x0000000000000000      0x137 C:/Program Files (x86)/Atmel/Studio/7.0/Packs/atmel/ATmega_DFP/1.6.364/xc8/avr/lib/avr5/memx-const/crtatmega328p.o
 .debug_line    0x0000000000000137      0x22c main.o
 .debug_line    0x0000000000000363      0x58b nrf24l01.o
 .debug_line    0x00000000000008ee       0xf9 spi.o
 .debug_line    0x00000000000009e7      0x100 uart.o

.debug_frame    0x0000000000000000      0x2cc
 *(.debug_frame)
 .debug_frame   0x0000000000000000       0x48 main.o
 .debug_frame   0x0000000000000048      0x1b4 nrf24l01.o
 .debug_frame   0x00000000000001fc       0x6c spi.o
 .debug_frame   0x0000000000000268       0x64 uart.o

.debug_str      0x0000000000000000      0x292
 *(.debug_str)
 .debug_str     0x0000000000000000      0x208 C:/Program Files (x86)/Atmel/Studio/7.0/Packs/atmel/ATmega_DFP/1.6.364/xc8/avr/lib/avr5/memx-const/crtatmega328p.o
 .debug_str     0x0000000000000208       0x4e main.o
 .debug_str     0x0000000000000256       0x33 nrf24l01.o
 .debug_str     0x0000000000000289        0x0 spi.o
 .debug_str     0x0000000000000289        0x9 uart.o

.debug_loc      0x0000000000000000      0xc3f
 *(.debug_loc)
 .debug_loc     0x0000000000000000      0x1e8 main.o
 .debug_loc     0x00000000000001e8      0x89a nrf24l01.o
 .debug_loc     0x0000000000000a82      0x153 spi.o
 .debug_loc     0x0000000000000bd5       0x6a uart.o

.debug_macinfo
 *(.debug_macinfo)

.debug_weaknames
 *(.debug_weaknames)

.debug_funcnames
 *(.debug_funcnames)

.debug_typenames
 *(.debug_typenames)

.debug_varnames
 *(.debug_varnames)

.debug_pubtypes
 *(.debug_pubtypes)

.debug_ranges   0x0000000000000000       0xe0
 *(.debug_ranges)
 .debug_ranges  0x0000000000000000       0x10 main.o
 .debug_ranges  0x0000000000000010       0x88 nrf24l01.o
 .debug_ranges  0x0000000000000098       0x20 spi.o
 .debug_ranges  0x00000000000000b8       0x28 uart.o

.debug_macro
 *(.debug_macro)
OUTPUT(RF24_Tester.elf elf32-avr)
LOAD linker stubs
LOAD data_init

.note.gnu.avr.deviceinfo
                0x0000000000000000       0x40
 .note.gnu.avr.deviceinfo
                0x0000000000000000       0x40 C:/Program Files (x86)/Atmel/Studio/7.0/Packs/atmel/ATmega_DFP/1.6.364/xc8/avr/lib/avr5/memx-const/crtatmega328p.o

.bss.command    0x0000000000800100       0x20
 .bss.command   0x0000000000800100       0x20 main.o
                0x0000000000800100                command

.progmemx.data  0x00000000000000d0       0x3f
 .progmemx.data
                0x00000000000000d0       0x3f main.o

.data.rf24_mode
                0x0000000000800126        0x1 load address 0x000000000000010f
 .data.rf24_mode
                0x0000000000800126        0x1 nrf24l01.o

.text.main      0x0000000000000110      0x116
 .text.main     0x0000000000000110      0x116 main.o
                0x0000000000000110                main

.text.nrf24_config
                0x0000000000000226       0x94
 .text.nrf24_config
                0x0000000000000226       0x94 nrf24l01.o
                0x0000000000000226                nrf24_config

.text.nrf24_tx_address
                0x00000000000002ba       0x6c
 .text.nrf24_tx_address
                0x00000000000002ba       0x6c nrf24l01.o
                0x00000000000002ba                nrf24_tx_address

.text.nrf24_wait_tx_result
                0x0000000000000326       0x56
 .text.nrf24_wait_tx_result
                0x0000000000000326       0x56 nrf24l01.o
                0x0000000000000326                nrf24_wait_tx_result

.text.nrf24_sendData
                0x000000000000037c       0x4e
 .text.nrf24_sendData
                0x000000000000037c       0x4e nrf24l01.o
                0x000000000000037c                nrf24_sendData

.text.nrf24_powerUpTx
                0x00000000000003ca       0x3e
 .text.nrf24_powerUpTx
                0x00000000000003ca       0x3e nrf24l01.o
                0x00000000000003ca                nrf24_powerUpTx

.text.nrf24_rx_address
                0x0000000000000408       0x38
 .text.nrf24_rx_address
                0x0000000000000408       0x38 nrf24l01.o
                0x0000000000000408                nrf24_rx_address

.text.nrf24_powerUpRx
                0x0000000000000440       0x30
 .text.nrf24_powerUpRx
                0x0000000000000440       0x30 nrf24l01.o
                0x0000000000000440                nrf24_powerUpRx

.text.uart_puts
                0x0000000000000470       0x2c
 .text.uart_puts
                0x0000000000000470       0x2c uart.o
                0x0000000000000470                uart_puts

.text.nrf24_configRegister
                0x000000000000049c       0x2a
 .text.nrf24_configRegister
                0x000000000000049c       0x2a nrf24l01.o
                0x000000000000049c                nrf24_configRegister

.text.nrf24_ce_digitalWrite
                0x00000000000004c6       0x28
 .text.nrf24_ce_digitalWrite
                0x00000000000004c6       0x28 nrf24l01.o
                0x00000000000004c6                nrf24_ce_digitalWrite

.text.nrf24_readRegister
                0x00000000000004ee       0x26
 .text.nrf24_readRegister
                0x00000000000004ee       0x26 nrf24l01.o
                0x00000000000004ee                nrf24_readRegister

.text.nrf24_getStatus
                0x0000000000000514       0x1c
 .text.nrf24_getStatus
                0x0000000000000514       0x1c nrf24l01.o
                0x0000000000000514                nrf24_getStatus

.text.uart_init
                0x0000000000000530       0x18
 .text.uart_init
                0x0000000000000530       0x18 uart.o
                0x0000000000000530                uart_init

.text.spi_init  0x0000000000000548       0x16
 .text.spi_init
                0x0000000000000548       0x16 spi.o
                0x0000000000000548                spi_init

.text.nrf24_csn_digitalWrite
                0x000000000000055e       0x14
 .text.nrf24_csn_digitalWrite
                0x000000000000055e       0x14 nrf24l01.o
                0x000000000000055e                nrf24_csn_digitalWrite

.text.uart_putc
                0x0000000000000572        0xe
 .text.uart_putc
                0x0000000000000572        0xe uart.o
                0x0000000000000572                uart_putc

.text.avrlibc   0x0000000000000580        0xe
 .text.avrlibc  0x0000000000000580        0xe c:/program files/microchip/xc8/v2.31/avr/bin/../lib/gcc/avr/5.4.0/../../../../avr/lib/avr5/memx-const\libc.a(memset.o)
                0x0000000000000580                memset

.text.spi_exchange
                0x000000000000058e        0xc
 .text.spi_exchange
                0x000000000000058e        0xc spi.o
                0x000000000000058e                spi_exchange

.text           0x000000000000059a        0x4
 .text          0x000000000000059a        0x4 C:/Program Files (x86)/Atmel/Studio/7.0/Packs/atmel/ATmega_DFP/1.6.364/xc8/avr/lib/avr5/memx-const/crtatmega328p.o
                0x000000000000059a                __vector_22
                0x000000000000059a                __vector_1
                0x000000000000059a                __vector_24
                0x000000000000059a                __vector_12
                0x000000000000059a                __bad_interrupt
                0x000000000000059a                __vector_6
                0x000000000000059a                __vector_3
                0x000000000000059a                __vector_23
                0x000000000000059a                __vector_25
                0x000000000000059a                __vector_11
                0x000000000000059a                __vector_13
                0x000000000000059a                __vector_17
                0x000000000000059a                __vector_19
                0x000000000000059a                __vector_7
                0x000000000000059a                __vector_5
                0x000000000000059a                __vector_4
                0x000000000000059a                __vector_9
                0x000000000000059a                __vector_2
                0x000000000000059a                __vector_21
                0x000000000000059a                __vector_15
                0x000000000000059a                __vector_8
                0x000000000000059a                __vector_14
                0x000000000000059a                __vector_10
                0x000000000000059a                __vector_16
                0x000000000000059a                __vector_18
                0x000000000000059a                __vector_20

.data.rx_addr   0x0000000000800120        0x3 load address 0x000000000000059e
 .data.rx_addr  0x0000000000800120        0x3 main.o
                0x0000000000800120                rx_addr

.data.tx_addr   0x0000000000800123        0x3 load address 0x00000000000005a1
 .data.tx_addr  0x0000000000800123        0x3 main.o
                0x0000000000800123                tx_addr
