Archive member included to satisfy reference by file (symbol)

c:/program files/microchip/xc8/v2.31/avr/bin/../lib/gcc/avr/5.4.0/../../../../avr/lib/avr5/memx-const\libm.a(cmpsf2.o)
                              digPot.o (__ltsf2)
c:/program files/microchip/xc8/v2.31/avr/bin/../lib/gcc/avr/5.4.0/../../../../avr/lib/avr5/memx-const\libm.a(divsf3.o)
                              digPot.o (__divsf3)
c:/program files/microchip/xc8/v2.31/avr/bin/../lib/gcc/avr/5.4.0/../../../../avr/lib/avr5/memx-const\libm.a(divsf3x.o)
                              c:/program files/microchip/xc8/v2.31/avr/bin/../lib/gcc/avr/5.4.0/../../../../avr/lib/avr5/memx-const\libm.a(divsf3.o) (__divsf3x)
c:/program files/microchip/xc8/v2.31/avr/bin/../lib/gcc/avr/5.4.0/../../../../avr/lib/avr5/memx-const\libm.a(fixunssfsi.o)
                              digPot.o (__fixunssfsi)
c:/program files/microchip/xc8/v2.31/avr/bin/../lib/gcc/avr/5.4.0/../../../../avr/lib/avr5/memx-const\libm.a(floatsisf.o)
                              digPot.o (__floatsisf)
c:/program files/microchip/xc8/v2.31/avr/bin/../lib/gcc/avr/5.4.0/../../../../avr/lib/avr5/memx-const\libm.a(fp_cmp.o)
                              c:/program files/microchip/xc8/v2.31/avr/bin/../lib/gcc/avr/5.4.0/../../../../avr/lib/avr5/memx-const\libm.a(cmpsf2.o) (__fp_cmp)
c:/program files/microchip/xc8/v2.31/avr/bin/../lib/gcc/avr/5.4.0/../../../../avr/lib/avr5/memx-const\libm.a(fp_inf.o)
                              c:/program files/microchip/xc8/v2.31/avr/bin/../lib/gcc/avr/5.4.0/../../../../avr/lib/avr5/memx-const\libm.a(divsf3x.o) (__fp_inf)
c:/program files/microchip/xc8/v2.31/avr/bin/../lib/gcc/avr/5.4.0/../../../../avr/lib/avr5/memx-const\libm.a(fp_nan.o)
                              c:/program files/microchip/xc8/v2.31/avr/bin/../lib/gcc/avr/5.4.0/../../../../avr/lib/avr5/memx-const\libm.a(divsf3x.o) (__fp_nan)
c:/program files/microchip/xc8/v2.31/avr/bin/../lib/gcc/avr/5.4.0/../../../../avr/lib/avr5/memx-const\libm.a(fp_pscA.o)
                              c:/program files/microchip/xc8/v2.31/avr/bin/../lib/gcc/avr/5.4.0/../../../../avr/lib/avr5/memx-const\libm.a(divsf3x.o) (__fp_pscA)
c:/program files/microchip/xc8/v2.31/avr/bin/../lib/gcc/avr/5.4.0/../../../../avr/lib/avr5/memx-const\libm.a(fp_pscB.o)
                              c:/program files/microchip/xc8/v2.31/avr/bin/../lib/gcc/avr/5.4.0/../../../../avr/lib/avr5/memx-const\libm.a(divsf3x.o) (__fp_pscB)
c:/program files/microchip/xc8/v2.31/avr/bin/../lib/gcc/avr/5.4.0/../../../../avr/lib/avr5/memx-const\libm.a(fp_round.o)
                              c:/program files/microchip/xc8/v2.31/avr/bin/../lib/gcc/avr/5.4.0/../../../../avr/lib/avr5/memx-const\libm.a(divsf3.o) (__fp_round)
c:/program files/microchip/xc8/v2.31/avr/bin/../lib/gcc/avr/5.4.0/../../../../avr/lib/avr5/memx-const\libm.a(fp_split3.o)
                              c:/program files/microchip/xc8/v2.31/avr/bin/../lib/gcc/avr/5.4.0/../../../../avr/lib/avr5/memx-const\libm.a(divsf3x.o) (__fp_split3)
c:/program files/microchip/xc8/v2.31/avr/bin/../lib/gcc/avr/5.4.0/../../../../avr/lib/avr5/memx-const\libm.a(fp_zero.o)
                              c:/program files/microchip/xc8/v2.31/avr/bin/../lib/gcc/avr/5.4.0/../../../../avr/lib/avr5/memx-const\libm.a(fixunssfsi.o) (__fp_zero)
c:/program files/microchip/xc8/v2.31/avr/bin/../lib/gcc/avr/5.4.0/../../../../avr/lib/avr5/memx-const\libm.a(gesf2.o)
                              digPot.o (__gtsf2)
c:/program files/microchip/xc8/v2.31/avr/bin/../lib/gcc/avr/5.4.0/../../../../avr/lib/avr5/memx-const\libm.a(mulsf3.o)
                              digPot.o (__mulsf3)
c:/program files/microchip/xc8/v2.31/avr/bin/../lib/gcc/avr/5.4.0/../../../../avr/lib/avr5/memx-const\libm.a(mulsf3x.o)
                              c:/program files/microchip/xc8/v2.31/avr/bin/../lib/gcc/avr/5.4.0/../../../../avr/lib/avr5/memx-const\libm.a(mulsf3.o) (__mulsf3x)
c:/program files/microchip/xc8/v2.31/avr/bin/../lib/gcc/avr/5.4.0/avr5/memx-const\libgcc.a(_divmodhi4.o)
                              communication.o (__divmodhi4)
c:/program files/microchip/xc8/v2.31/avr/bin/../lib/gcc/avr/5.4.0/avr5/memx-const\libgcc.a(_udivmodsi4.o)
                              timer.o (__udivmodsi4)
c:/program files/microchip/xc8/v2.31/avr/bin/../lib/gcc/avr/5.4.0/avr5/memx-const\libgcc.a(_exit.o)
                              C:/Program Files (x86)/Atmel/Studio/7.0/Packs/atmel/ATmega_DFP/1.6.364/xc8/avr/lib/avr5/memx-const/crtatmega328p.o (exit)
c:/program files/microchip/xc8/v2.31/avr/bin/../lib/gcc/avr/5.4.0/avr5/memx-const\libgcc.a(_copy_data.o)
                              nrf24l01.o (__do_copy_data)
c:/program files/microchip/xc8/v2.31/avr/bin/../lib/gcc/avr/5.4.0/avr5/memx-const\libgcc.a(_udivmodhi4.o)
                              c:/program files/microchip/xc8/v2.31/avr/bin/../lib/gcc/avr/5.4.0/avr5/memx-const\libgcc.a(_divmodhi4.o) (__udivmodhi4)
c:/program files/microchip/xc8/v2.31/avr/bin/../lib/gcc/avr/5.4.0/../../../../avr/lib/avr5/memx-const\libc.a(atoi_M.o)
                              main.o (atoi)
c:/program files/microchip/xc8/v2.31/avr/bin/../lib/gcc/avr/5.4.0/../../../../avr/lib/avr5/memx-const\libc.a(atol_M.o)
                              c:/program files/microchip/xc8/v2.31/avr/bin/../lib/gcc/avr/5.4.0/../../../../avr/lib/avr5/memx-const\libc.a(atoi_M.o) (atol)
c:/program files/microchip/xc8/v2.31/avr/bin/../lib/gcc/avr/5.4.0/../../../../avr/lib/avr5/memx-const\libc.a(strtol.o)
                              c:/program files/microchip/xc8/v2.31/avr/bin/../lib/gcc/avr/5.4.0/../../../../avr/lib/avr5/memx-const\libc.a(atol_M.o) (strtol)
c:/program files/microchip/xc8/v2.31/avr/bin/../lib/gcc/avr/5.4.0/../../../../avr/lib/avr5/memx-const\libc.a(isspace.o)
                              c:/program files/microchip/xc8/v2.31/avr/bin/../lib/gcc/avr/5.4.0/../../../../avr/lib/avr5/memx-const\libc.a(strtol.o) (isspace)
c:/program files/microchip/xc8/v2.31/avr/bin/../lib/gcc/avr/5.4.0/../../../../avr/lib/avr5/memx-const\libc.a(strlen_M.o)
                              nrf24l01.o (strlen)
c:/program files/microchip/xc8/v2.31/avr/bin/../lib/gcc/avr/5.4.0/../../../../avr/lib/avr5/memx-const\libc.a(strcpy_M.o)
                              communication.o (strcpy)
c:/program files/microchip/xc8/v2.31/avr/bin/../lib/gcc/avr/5.4.0/../../../../avr/lib/avr5/memx-const\libc.a(printf.o)
                              nrf24l01.o (printf)
c:/program files/microchip/xc8/v2.31/avr/bin/../lib/gcc/avr/5.4.0/../../../../avr/lib/avr5/memx-const\libc.a(vfprintf_std.o)
                              c:/program files/microchip/xc8/v2.31/avr/bin/../lib/gcc/avr/5.4.0/../../../../avr/lib/avr5/memx-const\libc.a(printf.o) (vfprintf)
c:/program files/microchip/xc8/v2.31/avr/bin/../lib/gcc/avr/5.4.0/../../../../avr/lib/avr5/memx-const\libc.a(errno.o)
                              c:/program files/microchip/xc8/v2.31/avr/bin/../lib/gcc/avr/5.4.0/../../../../avr/lib/avr5/memx-const\libc.a(strtol.o) (errno)
c:/program files/microchip/xc8/v2.31/avr/bin/../lib/gcc/avr/5.4.0/../../../../avr/lib/avr5/memx-const\libc.a(cty_isfalse.o)
                              c:/program files/microchip/xc8/v2.31/avr/bin/../lib/gcc/avr/5.4.0/../../../../avr/lib/avr5/memx-const\libc.a(isspace.o) (__ctype_isfalse)
c:/program files/microchip/xc8/v2.31/avr/bin/../lib/gcc/avr/5.4.0/../../../../avr/lib/avr5/memx-const\libc.a(strnlen_M.o)
                              c:/program files/microchip/xc8/v2.31/avr/bin/../lib/gcc/avr/5.4.0/../../../../avr/lib/avr5/memx-const\libc.a(vfprintf_std.o) (strnlen)
c:/program files/microchip/xc8/v2.31/avr/bin/../lib/gcc/avr/5.4.0/../../../../avr/lib/avr5/memx-const\libc.a(fputc.o)
                              c:/program files/microchip/xc8/v2.31/avr/bin/../lib/gcc/avr/5.4.0/../../../../avr/lib/avr5/memx-const\libc.a(vfprintf_std.o) (fputc)
c:/program files/microchip/xc8/v2.31/avr/bin/../lib/gcc/avr/5.4.0/../../../../avr/lib/avr5/memx-const\libc.a(iob.o)
                              c:/program files/microchip/xc8/v2.31/avr/bin/../lib/gcc/avr/5.4.0/../../../../avr/lib/avr5/memx-const\libc.a(printf.o) (__iob)
c:/program files/microchip/xc8/v2.31/avr/bin/../lib/gcc/avr/5.4.0/../../../../avr/lib/avr5/memx-const\libc.a(ultoa_invert.o)
                              c:/program files/microchip/xc8/v2.31/avr/bin/../lib/gcc/avr/5.4.0/../../../../avr/lib/avr5/memx-const\libc.a(vfprintf_std.o) (__ultoa_invert)
c:/program files/microchip/xc8/v2.31/avr/bin/../lib/gcc/avr/5.4.0/avr5/memx-const\libgcc.a(_mulsi3.o)
                              c:/program files/microchip/xc8/v2.31/avr/bin/../lib/gcc/avr/5.4.0/../../../../avr/lib/avr5/memx-const\libc.a(strtol.o) (__mulsi3)
c:/program files/microchip/xc8/v2.31/avr/bin/../lib/gcc/avr/5.4.0/avr5/memx-const\libgcc.a(_muluhisi3.o)
                              c:/program files/microchip/xc8/v2.31/avr/bin/../lib/gcc/avr/5.4.0/avr5/memx-const\libgcc.a(_mulsi3.o) (__muluhisi3)
c:/program files/microchip/xc8/v2.31/avr/bin/../lib/gcc/avr/5.4.0/avr5/memx-const\libgcc.a(_prologue.o)
                              c:/program files/microchip/xc8/v2.31/avr/bin/../lib/gcc/avr/5.4.0/../../../../avr/lib/avr5/memx-const\libc.a(printf.o) (__prologue_saves__)
c:/program files/microchip/xc8/v2.31/avr/bin/../lib/gcc/avr/5.4.0/avr5/memx-const\libgcc.a(_epilogue.o)
                              c:/program files/microchip/xc8/v2.31/avr/bin/../lib/gcc/avr/5.4.0/../../../../avr/lib/avr5/memx-const\libc.a(printf.o) (__epilogue_restores__)
c:/program files/microchip/xc8/v2.31/avr/bin/../lib/gcc/avr/5.4.0/avr5/memx-const\libgcc.a(_umulhisi3.o)
                              c:/program files/microchip/xc8/v2.31/avr/bin/../lib/gcc/avr/5.4.0/avr5/memx-const\libgcc.a(_muluhisi3.o) (__umulhisi3)

Allocating common symbols
Common symbol       size              file

errno               0x2               c:/program files/microchip/xc8/v2.31/avr/bin/../lib/gcc/avr/5.4.0/../../../../avr/lib/avr5/memx-const\libc.a(errno.o)
compB0_1            0x2               timer.o
compB1_0            0x2               timer.o
led                 0x7               main.o
data                0x1               nrf24l01.o
__iob               0x6               c:/program files/microchip/xc8/v2.31/avr/bin/../lib/gcc/avr/5.4.0/../../../../avr/lib/avr5/memx-const\libc.a(iob.o)

Discarded input sections

 .data          0x0000000000000000        0x0 C:/Program Files (x86)/Atmel/Studio/7.0/Packs/atmel/ATmega_DFP/1.6.364/xc8/avr/lib/avr5/memx-const/crtatmega328p.o
 .bss           0x0000000000000000        0x0 C:/Program Files (x86)/Atmel/Studio/7.0/Packs/atmel/ATmega_DFP/1.6.364/xc8/avr/lib/avr5/memx-const/crtatmega328p.o
 .text          0x0000000000000000        0x0 communication.o
 .data          0x0000000000000000        0x0 communication.o
 .bss           0x0000000000000000        0x0 communication.o
 .text.updateLED
                0x0000000000000000       0x4e communication.o
 .text.byteArrayToBits
                0x0000000000000000       0x72 communication.o
 .text.updateBitstream
                0x0000000000000000       0x4c communication.o
 .text.checkRF  0x0000000000000000       0x9e communication.o
 .bss.RX_command_array
                0x0000000000000000       0x20 communication.o
 .text          0x0000000000000000        0x0 digPot.o
 .data          0x0000000000000000        0x0 digPot.o
 .bss           0x0000000000000000        0x0 digPot.o
 .text.digitalPotWrite
                0x0000000000000000       0xec digPot.o
 .debug_info    0x0000000000000000      0x330 digPot.o
 .debug_abbrev  0x0000000000000000       0xb4 digPot.o
 .debug_loc     0x0000000000000000      0x140 digPot.o
 .debug_aranges
                0x0000000000000000       0x20 digPot.o
 .debug_ranges  0x0000000000000000       0x10 digPot.o
 .debug_line    0x0000000000000000      0x115 digPot.o
 .debug_str     0x0000000000000000        0x0 digPot.o
 .comment       0x0000000000000000       0x30 digPot.o
 .debug_frame   0x0000000000000000       0x38 digPot.o
 .text          0x0000000000000000        0x0 led.o
 .data          0x0000000000000000        0x0 led.o
 .bss           0x0000000000000000        0x0 led.o
 .text.initLEDObject
                0x0000000000000000       0x3c led.o
 .text          0x0000000000000000        0x0 ledInterface.o
 .data          0x0000000000000000        0x0 ledInterface.o
 .bss           0x0000000000000000        0x0 ledInterface.o
 .text.setLEDPowerSwitchPin
                0x0000000000000000       0x14 ledInterface.o
 .text.setLEDStatePin
                0x0000000000000000       0x14 ledInterface.o
 .text.setHWLEDIntensity
                0x0000000000000000        0x6 ledInterface.o
 .text.updateLEDHW
                0x0000000000000000       0x1e ledInterface.o
 .text.setLEDIOpins
                0x0000000000000000        0x8 ledInterface.o
 .text.startupLED
                0x0000000000000000       0x22 ledInterface.o
 .progmemx.data.DELAY_COUNT
                0x0000000000000000        0x4 ledInterface.o
 .debug_info    0x0000000000000000      0x53e ledInterface.o
 .debug_abbrev  0x0000000000000000      0x16b ledInterface.o
 .debug_loc     0x0000000000000000      0x15f ledInterface.o
 .debug_aranges
                0x0000000000000000       0x48 ledInterface.o
 .debug_ranges  0x0000000000000000       0x38 ledInterface.o
 .debug_line    0x0000000000000000      0x15a ledInterface.o
 .debug_str     0x0000000000000000       0x31 ledInterface.o
 .comment       0x0000000000000000       0x30 ledInterface.o
 .debug_frame   0x0000000000000000       0x8c ledInterface.o
 .text          0x0000000000000000        0x0 main.o
 .data          0x0000000000000000        0x0 main.o
 .bss           0x0000000000000000        0x0 main.o
 .text          0x0000000000000000        0x0 nrf24l01.o
 .data          0x0000000000000000        0x0 nrf24l01.o
 .bss           0x0000000000000000        0x0 nrf24l01.o
 .text.nrf24_write_ack
                0x0000000000000000       0x5c nrf24l01.o
 .text.nrf24_available
                0x0000000000000000       0x32 nrf24l01.o
 .text.nrf24_read_message
                0x0000000000000000       0x9a nrf24l01.o
 .bss.rx_message.2166
                0x0000000000000000       0x20 nrf24l01.o
 .text          0x0000000000000000        0x0 timer.o
 .data          0x0000000000000000        0x0 timer.o
 .bss           0x0000000000000000        0x0 timer.o
 .text.stopTimer
                0x0000000000000000       0x16 timer.o
 .text.setupTimer
                0x0000000000000000       0xfa timer.o
 .text          0x0000000000000000        0x0 uart.o
 .data          0x0000000000000000        0x0 uart.o
 .bss           0x0000000000000000        0x0 uart.o
 .text          0x0000000000000000        0x0 c:/program files/microchip/xc8/v2.31/avr/bin/../lib/gcc/avr/5.4.0/../../../../avr/lib/avr5/memx-const\libm.a(cmpsf2.o)
 .data          0x0000000000000000        0x0 c:/program files/microchip/xc8/v2.31/avr/bin/../lib/gcc/avr/5.4.0/../../../../avr/lib/avr5/memx-const\libm.a(cmpsf2.o)
 .bss           0x0000000000000000        0x0 c:/program files/microchip/xc8/v2.31/avr/bin/../lib/gcc/avr/5.4.0/../../../../avr/lib/avr5/memx-const\libm.a(cmpsf2.o)
 .text.avrlibc.fplib
                0x0000000000000000        0xa c:/program files/microchip/xc8/v2.31/avr/bin/../lib/gcc/avr/5.4.0/../../../../avr/lib/avr5/memx-const\libm.a(cmpsf2.o)
 .text          0x0000000000000000        0x0 c:/program files/microchip/xc8/v2.31/avr/bin/../lib/gcc/avr/5.4.0/../../../../avr/lib/avr5/memx-const\libm.a(divsf3.o)
 .data          0x0000000000000000        0x0 c:/program files/microchip/xc8/v2.31/avr/bin/../lib/gcc/avr/5.4.0/../../../../avr/lib/avr5/memx-const\libm.a(divsf3.o)
 .bss           0x0000000000000000        0x0 c:/program files/microchip/xc8/v2.31/avr/bin/../lib/gcc/avr/5.4.0/../../../../avr/lib/avr5/memx-const\libm.a(divsf3.o)
 .text.avrlibc.fplib
                0x0000000000000000        0x8 c:/program files/microchip/xc8/v2.31/avr/bin/../lib/gcc/avr/5.4.0/../../../../avr/lib/avr5/memx-const\libm.a(divsf3.o)
 .text          0x0000000000000000        0x0 c:/program files/microchip/xc8/v2.31/avr/bin/../lib/gcc/avr/5.4.0/../../../../avr/lib/avr5/memx-const\libm.a(divsf3x.o)
 .data          0x0000000000000000        0x0 c:/program files/microchip/xc8/v2.31/avr/bin/../lib/gcc/avr/5.4.0/../../../../avr/lib/avr5/memx-const\libm.a(divsf3x.o)
 .bss           0x0000000000000000        0x0 c:/program files/microchip/xc8/v2.31/avr/bin/../lib/gcc/avr/5.4.0/../../../../avr/lib/avr5/memx-const\libm.a(divsf3x.o)
 .text.avrlibc.fplib
                0x0000000000000000       0xde c:/program files/microchip/xc8/v2.31/avr/bin/../lib/gcc/avr/5.4.0/../../../../avr/lib/avr5/memx-const\libm.a(divsf3x.o)
 .text          0x0000000000000000        0x0 c:/program files/microchip/xc8/v2.31/avr/bin/../lib/gcc/avr/5.4.0/../../../../avr/lib/avr5/memx-const\libm.a(fixunssfsi.o)
 .data          0x0000000000000000        0x0 c:/program files/microchip/xc8/v2.31/avr/bin/../lib/gcc/avr/5.4.0/../../../../avr/lib/avr5/memx-const\libm.a(fixunssfsi.o)
 .bss           0x0000000000000000        0x0 c:/program files/microchip/xc8/v2.31/avr/bin/../lib/gcc/avr/5.4.0/../../../../avr/lib/avr5/memx-const\libm.a(fixunssfsi.o)
 .text.avrlibc.fplib
                0x0000000000000000       0x5e c:/program files/microchip/xc8/v2.31/avr/bin/../lib/gcc/avr/5.4.0/../../../../avr/lib/avr5/memx-const\libm.a(fixunssfsi.o)
 .text          0x0000000000000000        0x0 c:/program files/microchip/xc8/v2.31/avr/bin/../lib/gcc/avr/5.4.0/../../../../avr/lib/avr5/memx-const\libm.a(floatsisf.o)
 .data          0x0000000000000000        0x0 c:/program files/microchip/xc8/v2.31/avr/bin/../lib/gcc/avr/5.4.0/../../../../avr/lib/avr5/memx-const\libm.a(floatsisf.o)
 .bss           0x0000000000000000        0x0 c:/program files/microchip/xc8/v2.31/avr/bin/../lib/gcc/avr/5.4.0/../../../../avr/lib/avr5/memx-const\libm.a(floatsisf.o)
 .text.avrlibc.fplib
                0x0000000000000000       0x7a c:/program files/microchip/xc8/v2.31/avr/bin/../lib/gcc/avr/5.4.0/../../../../avr/lib/avr5/memx-const\libm.a(floatsisf.o)
 .text          0x0000000000000000        0x0 c:/program files/microchip/xc8/v2.31/avr/bin/../lib/gcc/avr/5.4.0/../../../../avr/lib/avr5/memx-const\libm.a(fp_cmp.o)
 .data          0x0000000000000000        0x0 c:/program files/microchip/xc8/v2.31/avr/bin/../lib/gcc/avr/5.4.0/../../../../avr/lib/avr5/memx-const\libm.a(fp_cmp.o)
 .bss           0x0000000000000000        0x0 c:/program files/microchip/xc8/v2.31/avr/bin/../lib/gcc/avr/5.4.0/../../../../avr/lib/avr5/memx-const\libm.a(fp_cmp.o)
 .text.avrlibc.fplib
                0x0000000000000000       0x48 c:/program files/microchip/xc8/v2.31/avr/bin/../lib/gcc/avr/5.4.0/../../../../avr/lib/avr5/memx-const\libm.a(fp_cmp.o)
 .text          0x0000000000000000        0x0 c:/program files/microchip/xc8/v2.31/avr/bin/../lib/gcc/avr/5.4.0/../../../../avr/lib/avr5/memx-const\libm.a(fp_inf.o)
 .data          0x0000000000000000        0x0 c:/program files/microchip/xc8/v2.31/avr/bin/../lib/gcc/avr/5.4.0/../../../../avr/lib/avr5/memx-const\libm.a(fp_inf.o)
 .bss           0x0000000000000000        0x0 c:/program files/microchip/xc8/v2.31/avr/bin/../lib/gcc/avr/5.4.0/../../../../avr/lib/avr5/memx-const\libm.a(fp_inf.o)
 .text.avrlibc.fplib
                0x0000000000000000        0xc c:/program files/microchip/xc8/v2.31/avr/bin/../lib/gcc/avr/5.4.0/../../../../avr/lib/avr5/memx-const\libm.a(fp_inf.o)
 .text          0x0000000000000000        0x0 c:/program files/microchip/xc8/v2.31/avr/bin/../lib/gcc/avr/5.4.0/../../../../avr/lib/avr5/memx-const\libm.a(fp_nan.o)
 .data          0x0000000000000000        0x0 c:/program files/microchip/xc8/v2.31/avr/bin/../lib/gcc/avr/5.4.0/../../../../avr/lib/avr5/memx-const\libm.a(fp_nan.o)
 .bss           0x0000000000000000        0x0 c:/program files/microchip/xc8/v2.31/avr/bin/../lib/gcc/avr/5.4.0/../../../../avr/lib/avr5/memx-const\libm.a(fp_nan.o)
 .text.avrlibc.fplib
                0x0000000000000000        0x6 c:/program files/microchip/xc8/v2.31/avr/bin/../lib/gcc/avr/5.4.0/../../../../avr/lib/avr5/memx-const\libm.a(fp_nan.o)
 .text          0x0000000000000000        0x0 c:/program files/microchip/xc8/v2.31/avr/bin/../lib/gcc/avr/5.4.0/../../../../avr/lib/avr5/memx-const\libm.a(fp_pscA.o)
 .data          0x0000000000000000        0x0 c:/program files/microchip/xc8/v2.31/avr/bin/../lib/gcc/avr/5.4.0/../../../../avr/lib/avr5/memx-const\libm.a(fp_pscA.o)
 .bss           0x0000000000000000        0x0 c:/program files/microchip/xc8/v2.31/avr/bin/../lib/gcc/avr/5.4.0/../../../../avr/lib/avr5/memx-const\libm.a(fp_pscA.o)
 .text.avrlibc.fplib
                0x0000000000000000        0xe c:/program files/microchip/xc8/v2.31/avr/bin/../lib/gcc/avr/5.4.0/../../../../avr/lib/avr5/memx-const\libm.a(fp_pscA.o)
 .text          0x0000000000000000        0x0 c:/program files/microchip/xc8/v2.31/avr/bin/../lib/gcc/avr/5.4.0/../../../../avr/lib/avr5/memx-const\libm.a(fp_pscB.o)
 .data          0x0000000000000000        0x0 c:/program files/microchip/xc8/v2.31/avr/bin/../lib/gcc/avr/5.4.0/../../../../avr/lib/avr5/memx-const\libm.a(fp_pscB.o)
 .bss           0x0000000000000000        0x0 c:/program files/microchip/xc8/v2.31/avr/bin/../lib/gcc/avr/5.4.0/../../../../avr/lib/avr5/memx-const\libm.a(fp_pscB.o)
 .text.avrlibc.fplib
                0x0000000000000000        0xe c:/program files/microchip/xc8/v2.31/avr/bin/../lib/gcc/avr/5.4.0/../../../../avr/lib/avr5/memx-const\libm.a(fp_pscB.o)
 .text          0x0000000000000000        0x0 c:/program files/microchip/xc8/v2.31/avr/bin/../lib/gcc/avr/5.4.0/../../../../avr/lib/avr5/memx-const\libm.a(fp_round.o)
 .data          0x0000000000000000        0x0 c:/program files/microchip/xc8/v2.31/avr/bin/../lib/gcc/avr/5.4.0/../../../../avr/lib/avr5/memx-const\libm.a(fp_round.o)
 .bss           0x0000000000000000        0x0 c:/program files/microchip/xc8/v2.31/avr/bin/../lib/gcc/avr/5.4.0/../../../../avr/lib/avr5/memx-const\libm.a(fp_round.o)
 .text.avrlibc.fplib
                0x0000000000000000       0x22 c:/program files/microchip/xc8/v2.31/avr/bin/../lib/gcc/avr/5.4.0/../../../../avr/lib/avr5/memx-const\libm.a(fp_round.o)
 .text          0x0000000000000000        0x0 c:/program files/microchip/xc8/v2.31/avr/bin/../lib/gcc/avr/5.4.0/../../../../avr/lib/avr5/memx-const\libm.a(fp_split3.o)
 .data          0x0000000000000000        0x0 c:/program files/microchip/xc8/v2.31/avr/bin/../lib/gcc/avr/5.4.0/../../../../avr/lib/avr5/memx-const\libm.a(fp_split3.o)
 .bss           0x0000000000000000        0x0 c:/program files/microchip/xc8/v2.31/avr/bin/../lib/gcc/avr/5.4.0/../../../../avr/lib/avr5/memx-const\libm.a(fp_split3.o)
 .text.avrlibc.fplib
                0x0000000000000000       0x44 c:/program files/microchip/xc8/v2.31/avr/bin/../lib/gcc/avr/5.4.0/../../../../avr/lib/avr5/memx-const\libm.a(fp_split3.o)
 .text          0x0000000000000000        0x0 c:/program files/microchip/xc8/v2.31/avr/bin/../lib/gcc/avr/5.4.0/../../../../avr/lib/avr5/memx-const\libm.a(fp_zero.o)
 .data          0x0000000000000000        0x0 c:/program files/microchip/xc8/v2.31/avr/bin/../lib/gcc/avr/5.4.0/../../../../avr/lib/avr5/memx-const\libm.a(fp_zero.o)
 .bss           0x0000000000000000        0x0 c:/program files/microchip/xc8/v2.31/avr/bin/../lib/gcc/avr/5.4.0/../../../../avr/lib/avr5/memx-const\libm.a(fp_zero.o)
 .text.avrlibc.fplib
                0x0000000000000000        0xe c:/program files/microchip/xc8/v2.31/avr/bin/../lib/gcc/avr/5.4.0/../../../../avr/lib/avr5/memx-const\libm.a(fp_zero.o)
 .text          0x0000000000000000        0x0 c:/program files/microchip/xc8/v2.31/avr/bin/../lib/gcc/avr/5.4.0/../../../../avr/lib/avr5/memx-const\libm.a(gesf2.o)
 .data          0x0000000000000000        0x0 c:/program files/microchip/xc8/v2.31/avr/bin/../lib/gcc/avr/5.4.0/../../../../avr/lib/avr5/memx-const\libm.a(gesf2.o)
 .bss           0x0000000000000000        0x0 c:/program files/microchip/xc8/v2.31/avr/bin/../lib/gcc/avr/5.4.0/../../../../avr/lib/avr5/memx-const\libm.a(gesf2.o)
 .text.avrlibc.fplib
                0x0000000000000000        0xa c:/program files/microchip/xc8/v2.31/avr/bin/../lib/gcc/avr/5.4.0/../../../../avr/lib/avr5/memx-const\libm.a(gesf2.o)
 .text          0x0000000000000000        0x0 c:/program files/microchip/xc8/v2.31/avr/bin/../lib/gcc/avr/5.4.0/../../../../avr/lib/avr5/memx-const\libm.a(mulsf3.o)
 .data          0x0000000000000000        0x0 c:/program files/microchip/xc8/v2.31/avr/bin/../lib/gcc/avr/5.4.0/../../../../avr/lib/avr5/memx-const\libm.a(mulsf3.o)
 .bss           0x0000000000000000        0x0 c:/program files/microchip/xc8/v2.31/avr/bin/../lib/gcc/avr/5.4.0/../../../../avr/lib/avr5/memx-const\libm.a(mulsf3.o)
 .text.avrlibc.fplib
                0x0000000000000000        0x8 c:/program files/microchip/xc8/v2.31/avr/bin/../lib/gcc/avr/5.4.0/../../../../avr/lib/avr5/memx-const\libm.a(mulsf3.o)
 .text          0x0000000000000000        0x0 c:/program files/microchip/xc8/v2.31/avr/bin/../lib/gcc/avr/5.4.0/../../../../avr/lib/avr5/memx-const\libm.a(mulsf3x.o)
 .data          0x0000000000000000        0x0 c:/program files/microchip/xc8/v2.31/avr/bin/../lib/gcc/avr/5.4.0/../../../../avr/lib/avr5/memx-const\libm.a(mulsf3x.o)
 .bss           0x0000000000000000        0x0 c:/program files/microchip/xc8/v2.31/avr/bin/../lib/gcc/avr/5.4.0/../../../../avr/lib/avr5/memx-const\libm.a(mulsf3x.o)
 .text.avrlibc.fplib
                0x0000000000000000       0xd4 c:/program files/microchip/xc8/v2.31/avr/bin/../lib/gcc/avr/5.4.0/../../../../avr/lib/avr5/memx-const\libm.a(mulsf3x.o)
 .text          0x0000000000000000        0x0 c:/program files/microchip/xc8/v2.31/avr/bin/../lib/gcc/avr/5.4.0/avr5/memx-const\libgcc.a(_divmodhi4.o)
 .data          0x0000000000000000        0x0 c:/program files/microchip/xc8/v2.31/avr/bin/../lib/gcc/avr/5.4.0/avr5/memx-const\libgcc.a(_divmodhi4.o)
 .bss           0x0000000000000000        0x0 c:/program files/microchip/xc8/v2.31/avr/bin/../lib/gcc/avr/5.4.0/avr5/memx-const\libgcc.a(_divmodhi4.o)
 .text.libgcc.mul
                0x0000000000000000        0x0 c:/program files/microchip/xc8/v2.31/avr/bin/../lib/gcc/avr/5.4.0/avr5/memx-const\libgcc.a(_divmodhi4.o)
 .text.libgcc.div
                0x0000000000000000       0x28 c:/program files/microchip/xc8/v2.31/avr/bin/../lib/gcc/avr/5.4.0/avr5/memx-const\libgcc.a(_divmodhi4.o)
 .text.libgcc   0x0000000000000000        0x0 c:/program files/microchip/xc8/v2.31/avr/bin/../lib/gcc/avr/5.4.0/avr5/memx-const\libgcc.a(_divmodhi4.o)
 .text.libgcc.prologue
                0x0000000000000000        0x0 c:/program files/microchip/xc8/v2.31/avr/bin/../lib/gcc/avr/5.4.0/avr5/memx-const\libgcc.a(_divmodhi4.o)
 .text.libgcc.builtins
                0x0000000000000000        0x0 c:/program files/microchip/xc8/v2.31/avr/bin/../lib/gcc/avr/5.4.0/avr5/memx-const\libgcc.a(_divmodhi4.o)
 .text.libgcc.fmul
                0x0000000000000000        0x0 c:/program files/microchip/xc8/v2.31/avr/bin/../lib/gcc/avr/5.4.0/avr5/memx-const\libgcc.a(_divmodhi4.o)
 .text.libgcc.fixed
                0x0000000000000000        0x0 c:/program files/microchip/xc8/v2.31/avr/bin/../lib/gcc/avr/5.4.0/avr5/memx-const\libgcc.a(_divmodhi4.o)
 .text          0x0000000000000000        0x0 c:/program files/microchip/xc8/v2.31/avr/bin/../lib/gcc/avr/5.4.0/avr5/memx-const\libgcc.a(_udivmodsi4.o)
 .data          0x0000000000000000        0x0 c:/program files/microchip/xc8/v2.31/avr/bin/../lib/gcc/avr/5.4.0/avr5/memx-const\libgcc.a(_udivmodsi4.o)
 .bss           0x0000000000000000        0x0 c:/program files/microchip/xc8/v2.31/avr/bin/../lib/gcc/avr/5.4.0/avr5/memx-const\libgcc.a(_udivmodsi4.o)
 .text.libgcc.mul
                0x0000000000000000        0x0 c:/program files/microchip/xc8/v2.31/avr/bin/../lib/gcc/avr/5.4.0/avr5/memx-const\libgcc.a(_udivmodsi4.o)
 .text.libgcc   0x0000000000000000        0x0 c:/program files/microchip/xc8/v2.31/avr/bin/../lib/gcc/avr/5.4.0/avr5/memx-const\libgcc.a(_udivmodsi4.o)
 .text.libgcc.prologue
                0x0000000000000000        0x0 c:/program files/microchip/xc8/v2.31/avr/bin/../lib/gcc/avr/5.4.0/avr5/memx-const\libgcc.a(_udivmodsi4.o)
 .text.libgcc.builtins
                0x0000000000000000        0x0 c:/program files/microchip/xc8/v2.31/avr/bin/../lib/gcc/avr/5.4.0/avr5/memx-const\libgcc.a(_udivmodsi4.o)
 .text.libgcc.fmul
                0x0000000000000000        0x0 c:/program files/microchip/xc8/v2.31/avr/bin/../lib/gcc/avr/5.4.0/avr5/memx-const\libgcc.a(_udivmodsi4.o)
 .text.libgcc.fixed
                0x0000000000000000        0x0 c:/program files/microchip/xc8/v2.31/avr/bin/../lib/gcc/avr/5.4.0/avr5/memx-const\libgcc.a(_udivmodsi4.o)
 .text          0x0000000000000000        0x0 c:/program files/microchip/xc8/v2.31/avr/bin/../lib/gcc/avr/5.4.0/avr5/memx-const\libgcc.a(_exit.o)
 .data          0x0000000000000000        0x0 c:/program files/microchip/xc8/v2.31/avr/bin/../lib/gcc/avr/5.4.0/avr5/memx-const\libgcc.a(_exit.o)
 .bss           0x0000000000000000        0x0 c:/program files/microchip/xc8/v2.31/avr/bin/../lib/gcc/avr/5.4.0/avr5/memx-const\libgcc.a(_exit.o)
 .text.libgcc.mul
                0x0000000000000000        0x0 c:/program files/microchip/xc8/v2.31/avr/bin/../lib/gcc/avr/5.4.0/avr5/memx-const\libgcc.a(_exit.o)
 .text.libgcc.div
                0x0000000000000000        0x0 c:/program files/microchip/xc8/v2.31/avr/bin/../lib/gcc/avr/5.4.0/avr5/memx-const\libgcc.a(_exit.o)
 .text.libgcc   0x0000000000000000        0x0 c:/program files/microchip/xc8/v2.31/avr/bin/../lib/gcc/avr/5.4.0/avr5/memx-const\libgcc.a(_exit.o)
 .text.libgcc.prologue
                0x0000000000000000        0x0 c:/program files/microchip/xc8/v2.31/avr/bin/../lib/gcc/avr/5.4.0/avr5/memx-const\libgcc.a(_exit.o)
 .text.libgcc.builtins
                0x0000000000000000        0x0 c:/program files/microchip/xc8/v2.31/avr/bin/../lib/gcc/avr/5.4.0/avr5/memx-const\libgcc.a(_exit.o)
 .text.libgcc.fmul
                0x0000000000000000        0x0 c:/program files/microchip/xc8/v2.31/avr/bin/../lib/gcc/avr/5.4.0/avr5/memx-const\libgcc.a(_exit.o)
 .text.libgcc.fixed
                0x0000000000000000        0x0 c:/program files/microchip/xc8/v2.31/avr/bin/../lib/gcc/avr/5.4.0/avr5/memx-const\libgcc.a(_exit.o)
 .text          0x0000000000000000        0x0 c:/program files/microchip/xc8/v2.31/avr/bin/../lib/gcc/avr/5.4.0/avr5/memx-const\libgcc.a(_copy_data.o)
 .data          0x0000000000000000        0x0 c:/program files/microchip/xc8/v2.31/avr/bin/../lib/gcc/avr/5.4.0/avr5/memx-const\libgcc.a(_copy_data.o)
 .bss           0x0000000000000000        0x0 c:/program files/microchip/xc8/v2.31/avr/bin/../lib/gcc/avr/5.4.0/avr5/memx-const\libgcc.a(_copy_data.o)
 .text.libgcc.mul
                0x0000000000000000        0x0 c:/program files/microchip/xc8/v2.31/avr/bin/../lib/gcc/avr/5.4.0/avr5/memx-const\libgcc.a(_copy_data.o)
 .text.libgcc.div
                0x0000000000000000        0x0 c:/program files/microchip/xc8/v2.31/avr/bin/../lib/gcc/avr/5.4.0/avr5/memx-const\libgcc.a(_copy_data.o)
 .text.libgcc   0x0000000000000000        0x0 c:/program files/microchip/xc8/v2.31/avr/bin/../lib/gcc/avr/5.4.0/avr5/memx-const\libgcc.a(_copy_data.o)
 .text.libgcc.prologue
                0x0000000000000000        0x0 c:/program files/microchip/xc8/v2.31/avr/bin/../lib/gcc/avr/5.4.0/avr5/memx-const\libgcc.a(_copy_data.o)
 .text.libgcc.builtins
                0x0000000000000000        0x0 c:/program files/microchip/xc8/v2.31/avr/bin/../lib/gcc/avr/5.4.0/avr5/memx-const\libgcc.a(_copy_data.o)
 .text.libgcc.fmul
                0x0000000000000000        0x0 c:/program files/microchip/xc8/v2.31/avr/bin/../lib/gcc/avr/5.4.0/avr5/memx-const\libgcc.a(_copy_data.o)
 .text.libgcc.fixed
                0x0000000000000000        0x0 c:/program files/microchip/xc8/v2.31/avr/bin/../lib/gcc/avr/5.4.0/avr5/memx-const\libgcc.a(_copy_data.o)
 .text          0x0000000000000000        0x0 c:/program files/microchip/xc8/v2.31/avr/bin/../lib/gcc/avr/5.4.0/avr5/memx-const\libgcc.a(_udivmodhi4.o)
 .data          0x0000000000000000        0x0 c:/program files/microchip/xc8/v2.31/avr/bin/../lib/gcc/avr/5.4.0/avr5/memx-const\libgcc.a(_udivmodhi4.o)
 .bss           0x0000000000000000        0x0 c:/program files/microchip/xc8/v2.31/avr/bin/../lib/gcc/avr/5.4.0/avr5/memx-const\libgcc.a(_udivmodhi4.o)
 .text.libgcc.mul
                0x0000000000000000        0x0 c:/program files/microchip/xc8/v2.31/avr/bin/../lib/gcc/avr/5.4.0/avr5/memx-const\libgcc.a(_udivmodhi4.o)
 .text.libgcc.div
                0x0000000000000000       0x28 c:/program files/microchip/xc8/v2.31/avr/bin/../lib/gcc/avr/5.4.0/avr5/memx-const\libgcc.a(_udivmodhi4.o)
 .text.libgcc   0x0000000000000000        0x0 c:/program files/microchip/xc8/v2.31/avr/bin/../lib/gcc/avr/5.4.0/avr5/memx-const\libgcc.a(_udivmodhi4.o)
 .text.libgcc.prologue
                0x0000000000000000        0x0 c:/program files/microchip/xc8/v2.31/avr/bin/../lib/gcc/avr/5.4.0/avr5/memx-const\libgcc.a(_udivmodhi4.o)
 .text.libgcc.builtins
                0x0000000000000000        0x0 c:/program files/microchip/xc8/v2.31/avr/bin/../lib/gcc/avr/5.4.0/avr5/memx-const\libgcc.a(_udivmodhi4.o)
 .text.libgcc.fmul
                0x0000000000000000        0x0 c:/program files/microchip/xc8/v2.31/avr/bin/../lib/gcc/avr/5.4.0/avr5/memx-const\libgcc.a(_udivmodhi4.o)
 .text.libgcc.fixed
                0x0000000000000000        0x0 c:/program files/microchip/xc8/v2.31/avr/bin/../lib/gcc/avr/5.4.0/avr5/memx-const\libgcc.a(_udivmodhi4.o)
 .text          0x0000000000000000        0x0 c:/program files/microchip/xc8/v2.31/avr/bin/../lib/gcc/avr/5.4.0/../../../../avr/lib/avr5/memx-const\libc.a(atoi_M.o)
 .data          0x0000000000000000        0x0 c:/program files/microchip/xc8/v2.31/avr/bin/../lib/gcc/avr/5.4.0/../../../../avr/lib/avr5/memx-const\libc.a(atoi_M.o)
 .bss           0x0000000000000000        0x0 c:/program files/microchip/xc8/v2.31/avr/bin/../lib/gcc/avr/5.4.0/../../../../avr/lib/avr5/memx-const\libc.a(atoi_M.o)
 .text          0x0000000000000000        0x0 c:/program files/microchip/xc8/v2.31/avr/bin/../lib/gcc/avr/5.4.0/../../../../avr/lib/avr5/memx-const\libc.a(atol_M.o)
 .data          0x0000000000000000        0x0 c:/program files/microchip/xc8/v2.31/avr/bin/../lib/gcc/avr/5.4.0/../../../../avr/lib/avr5/memx-const\libc.a(atol_M.o)
 .bss           0x0000000000000000        0x0 c:/program files/microchip/xc8/v2.31/avr/bin/../lib/gcc/avr/5.4.0/../../../../avr/lib/avr5/memx-const\libc.a(atol_M.o)
 .text          0x0000000000000000        0x0 c:/program files/microchip/xc8/v2.31/avr/bin/../lib/gcc/avr/5.4.0/../../../../avr/lib/avr5/memx-const\libc.a(strtol.o)
 .data          0x0000000000000000        0x0 c:/program files/microchip/xc8/v2.31/avr/bin/../lib/gcc/avr/5.4.0/../../../../avr/lib/avr5/memx-const\libc.a(strtol.o)
 .bss           0x0000000000000000        0x0 c:/program files/microchip/xc8/v2.31/avr/bin/../lib/gcc/avr/5.4.0/../../../../avr/lib/avr5/memx-const\libc.a(strtol.o)
 .text          0x0000000000000000        0x0 c:/program files/microchip/xc8/v2.31/avr/bin/../lib/gcc/avr/5.4.0/../../../../avr/lib/avr5/memx-const\libc.a(isspace.o)
 .data          0x0000000000000000        0x0 c:/program files/microchip/xc8/v2.31/avr/bin/../lib/gcc/avr/5.4.0/../../../../avr/lib/avr5/memx-const\libc.a(isspace.o)
 .bss           0x0000000000000000        0x0 c:/program files/microchip/xc8/v2.31/avr/bin/../lib/gcc/avr/5.4.0/../../../../avr/lib/avr5/memx-const\libc.a(isspace.o)
 .text          0x0000000000000000        0x0 c:/program files/microchip/xc8/v2.31/avr/bin/../lib/gcc/avr/5.4.0/../../../../avr/lib/avr5/memx-const\libc.a(strlen_M.o)
 .data          0x0000000000000000        0x0 c:/program files/microchip/xc8/v2.31/avr/bin/../lib/gcc/avr/5.4.0/../../../../avr/lib/avr5/memx-const\libc.a(strlen_M.o)
 .bss           0x0000000000000000        0x0 c:/program files/microchip/xc8/v2.31/avr/bin/../lib/gcc/avr/5.4.0/../../../../avr/lib/avr5/memx-const\libc.a(strlen_M.o)
 .text          0x0000000000000000        0x0 c:/program files/microchip/xc8/v2.31/avr/bin/../lib/gcc/avr/5.4.0/../../../../avr/lib/avr5/memx-const\libc.a(strcpy_M.o)
 .data          0x0000000000000000        0x0 c:/program files/microchip/xc8/v2.31/avr/bin/../lib/gcc/avr/5.4.0/../../../../avr/lib/avr5/memx-const\libc.a(strcpy_M.o)
 .bss           0x0000000000000000        0x0 c:/program files/microchip/xc8/v2.31/avr/bin/../lib/gcc/avr/5.4.0/../../../../avr/lib/avr5/memx-const\libc.a(strcpy_M.o)
 .text          0x0000000000000000        0x0 c:/program files/microchip/xc8/v2.31/avr/bin/../lib/gcc/avr/5.4.0/../../../../avr/lib/avr5/memx-const\libc.a(printf.o)
 .data          0x0000000000000000        0x0 c:/program files/microchip/xc8/v2.31/avr/bin/../lib/gcc/avr/5.4.0/../../../../avr/lib/avr5/memx-const\libc.a(printf.o)
 .bss           0x0000000000000000        0x0 c:/program files/microchip/xc8/v2.31/avr/bin/../lib/gcc/avr/5.4.0/../../../../avr/lib/avr5/memx-const\libc.a(printf.o)
 .text          0x0000000000000000        0x0 c:/program files/microchip/xc8/v2.31/avr/bin/../lib/gcc/avr/5.4.0/../../../../avr/lib/avr5/memx-const\libc.a(vfprintf_std.o)
 .data          0x0000000000000000        0x0 c:/program files/microchip/xc8/v2.31/avr/bin/../lib/gcc/avr/5.4.0/../../../../avr/lib/avr5/memx-const\libc.a(vfprintf_std.o)
 .bss           0x0000000000000000        0x0 c:/program files/microchip/xc8/v2.31/avr/bin/../lib/gcc/avr/5.4.0/../../../../avr/lib/avr5/memx-const\libc.a(vfprintf_std.o)
 .text          0x0000000000000000        0x0 c:/program files/microchip/xc8/v2.31/avr/bin/../lib/gcc/avr/5.4.0/../../../../avr/lib/avr5/memx-const\libc.a(errno.o)
 .data          0x0000000000000000        0x0 c:/program files/microchip/xc8/v2.31/avr/bin/../lib/gcc/avr/5.4.0/../../../../avr/lib/avr5/memx-const\libc.a(errno.o)
 .bss           0x0000000000000000        0x0 c:/program files/microchip/xc8/v2.31/avr/bin/../lib/gcc/avr/5.4.0/../../../../avr/lib/avr5/memx-const\libc.a(errno.o)
 .text          0x0000000000000000        0x0 c:/program files/microchip/xc8/v2.31/avr/bin/../lib/gcc/avr/5.4.0/../../../../avr/lib/avr5/memx-const\libc.a(cty_isfalse.o)
 .data          0x0000000000000000        0x0 c:/program files/microchip/xc8/v2.31/avr/bin/../lib/gcc/avr/5.4.0/../../../../avr/lib/avr5/memx-const\libc.a(cty_isfalse.o)
 .bss           0x0000000000000000        0x0 c:/program files/microchip/xc8/v2.31/avr/bin/../lib/gcc/avr/5.4.0/../../../../avr/lib/avr5/memx-const\libc.a(cty_isfalse.o)
 .text          0x0000000000000000        0x0 c:/program files/microchip/xc8/v2.31/avr/bin/../lib/gcc/avr/5.4.0/../../../../avr/lib/avr5/memx-const\libc.a(strnlen_M.o)
 .data          0x0000000000000000        0x0 c:/program files/microchip/xc8/v2.31/avr/bin/../lib/gcc/avr/5.4.0/../../../../avr/lib/avr5/memx-const\libc.a(strnlen_M.o)
 .bss           0x0000000000000000        0x0 c:/program files/microchip/xc8/v2.31/avr/bin/../lib/gcc/avr/5.4.0/../../../../avr/lib/avr5/memx-const\libc.a(strnlen_M.o)
 .text          0x0000000000000000        0x0 c:/program files/microchip/xc8/v2.31/avr/bin/../lib/gcc/avr/5.4.0/../../../../avr/lib/avr5/memx-const\libc.a(fputc.o)
 .data          0x0000000000000000        0x0 c:/program files/microchip/xc8/v2.31/avr/bin/../lib/gcc/avr/5.4.0/../../../../avr/lib/avr5/memx-const\libc.a(fputc.o)
 .bss           0x0000000000000000        0x0 c:/program files/microchip/xc8/v2.31/avr/bin/../lib/gcc/avr/5.4.0/../../../../avr/lib/avr5/memx-const\libc.a(fputc.o)
 .text          0x0000000000000000        0x0 c:/program files/microchip/xc8/v2.31/avr/bin/../lib/gcc/avr/5.4.0/../../../../avr/lib/avr5/memx-const\libc.a(iob.o)
 .data          0x0000000000000000        0x0 c:/program files/microchip/xc8/v2.31/avr/bin/../lib/gcc/avr/5.4.0/../../../../avr/lib/avr5/memx-const\libc.a(iob.o)
 .bss           0x0000000000000000        0x0 c:/program files/microchip/xc8/v2.31/avr/bin/../lib/gcc/avr/5.4.0/../../../../avr/lib/avr5/memx-const\libc.a(iob.o)
 .text          0x0000000000000000        0x0 c:/program files/microchip/xc8/v2.31/avr/bin/../lib/gcc/avr/5.4.0/../../../../avr/lib/avr5/memx-const\libc.a(ultoa_invert.o)
 .data          0x0000000000000000        0x0 c:/program files/microchip/xc8/v2.31/avr/bin/../lib/gcc/avr/5.4.0/../../../../avr/lib/avr5/memx-const\libc.a(ultoa_invert.o)
 .bss           0x0000000000000000        0x0 c:/program files/microchip/xc8/v2.31/avr/bin/../lib/gcc/avr/5.4.0/../../../../avr/lib/avr5/memx-const\libc.a(ultoa_invert.o)
 .text          0x0000000000000000        0x0 c:/program files/microchip/xc8/v2.31/avr/bin/../lib/gcc/avr/5.4.0/avr5/memx-const\libgcc.a(_mulsi3.o)
 .data          0x0000000000000000        0x0 c:/program files/microchip/xc8/v2.31/avr/bin/../lib/gcc/avr/5.4.0/avr5/memx-const\libgcc.a(_mulsi3.o)
 .bss           0x0000000000000000        0x0 c:/program files/microchip/xc8/v2.31/avr/bin/../lib/gcc/avr/5.4.0/avr5/memx-const\libgcc.a(_mulsi3.o)
 .text.libgcc.div
                0x0000000000000000        0x0 c:/program files/microchip/xc8/v2.31/avr/bin/../lib/gcc/avr/5.4.0/avr5/memx-const\libgcc.a(_mulsi3.o)
 .text.libgcc   0x0000000000000000        0x0 c:/program files/microchip/xc8/v2.31/avr/bin/../lib/gcc/avr/5.4.0/avr5/memx-const\libgcc.a(_mulsi3.o)
 .text.libgcc.prologue
                0x0000000000000000        0x0 c:/program files/microchip/xc8/v2.31/avr/bin/../lib/gcc/avr/5.4.0/avr5/memx-const\libgcc.a(_mulsi3.o)
 .text.libgcc.builtins
                0x0000000000000000        0x0 c:/program files/microchip/xc8/v2.31/avr/bin/../lib/gcc/avr/5.4.0/avr5/memx-const\libgcc.a(_mulsi3.o)
 .text.libgcc.fmul
                0x0000000000000000        0x0 c:/program files/microchip/xc8/v2.31/avr/bin/../lib/gcc/avr/5.4.0/avr5/memx-const\libgcc.a(_mulsi3.o)
 .text.libgcc.fixed
                0x0000000000000000        0x0 c:/program files/microchip/xc8/v2.31/avr/bin/../lib/gcc/avr/5.4.0/avr5/memx-const\libgcc.a(_mulsi3.o)
 .text          0x0000000000000000        0x0 c:/program files/microchip/xc8/v2.31/avr/bin/../lib/gcc/avr/5.4.0/avr5/memx-const\libgcc.a(_muluhisi3.o)
 .data          0x0000000000000000        0x0 c:/program files/microchip/xc8/v2.31/avr/bin/../lib/gcc/avr/5.4.0/avr5/memx-const\libgcc.a(_muluhisi3.o)
 .bss           0x0000000000000000        0x0 c:/program files/microchip/xc8/v2.31/avr/bin/../lib/gcc/avr/5.4.0/avr5/memx-const\libgcc.a(_muluhisi3.o)
 .text.libgcc.div
                0x0000000000000000        0x0 c:/program files/microchip/xc8/v2.31/avr/bin/../lib/gcc/avr/5.4.0/avr5/memx-const\libgcc.a(_muluhisi3.o)
 .text.libgcc   0x0000000000000000        0x0 c:/program files/microchip/xc8/v2.31/avr/bin/../lib/gcc/avr/5.4.0/avr5/memx-const\libgcc.a(_muluhisi3.o)
 .text.libgcc.prologue
                0x0000000000000000        0x0 c:/program files/microchip/xc8/v2.31/avr/bin/../lib/gcc/avr/5.4.0/avr5/memx-const\libgcc.a(_muluhisi3.o)
 .text.libgcc.builtins
                0x0000000000000000        0x0 c:/program files/microchip/xc8/v2.31/avr/bin/../lib/gcc/avr/5.4.0/avr5/memx-const\libgcc.a(_muluhisi3.o)
 .text.libgcc.fmul
                0x0000000000000000        0x0 c:/program files/microchip/xc8/v2.31/avr/bin/../lib/gcc/avr/5.4.0/avr5/memx-const\libgcc.a(_muluhisi3.o)
 .text.libgcc.fixed
                0x0000000000000000        0x0 c:/program files/microchip/xc8/v2.31/avr/bin/../lib/gcc/avr/5.4.0/avr5/memx-const\libgcc.a(_muluhisi3.o)
 .text          0x0000000000000000        0x0 c:/program files/microchip/xc8/v2.31/avr/bin/../lib/gcc/avr/5.4.0/avr5/memx-const\libgcc.a(_prologue.o)
 .data          0x0000000000000000        0x0 c:/program files/microchip/xc8/v2.31/avr/bin/../lib/gcc/avr/5.4.0/avr5/memx-const\libgcc.a(_prologue.o)
 .bss           0x0000000000000000        0x0 c:/program files/microchip/xc8/v2.31/avr/bin/../lib/gcc/avr/5.4.0/avr5/memx-const\libgcc.a(_prologue.o)
 .text.libgcc.mul
                0x0000000000000000        0x0 c:/program files/microchip/xc8/v2.31/avr/bin/../lib/gcc/avr/5.4.0/avr5/memx-const\libgcc.a(_prologue.o)
 .text.libgcc.div
                0x0000000000000000        0x0 c:/program files/microchip/xc8/v2.31/avr/bin/../lib/gcc/avr/5.4.0/avr5/memx-const\libgcc.a(_prologue.o)
 .text.libgcc   0x0000000000000000        0x0 c:/program files/microchip/xc8/v2.31/avr/bin/../lib/gcc/avr/5.4.0/avr5/memx-const\libgcc.a(_prologue.o)
 .text.libgcc.builtins
                0x0000000000000000        0x0 c:/program files/microchip/xc8/v2.31/avr/bin/../lib/gcc/avr/5.4.0/avr5/memx-const\libgcc.a(_prologue.o)
 .text.libgcc.fmul
                0x0000000000000000        0x0 c:/program files/microchip/xc8/v2.31/avr/bin/../lib/gcc/avr/5.4.0/avr5/memx-const\libgcc.a(_prologue.o)
 .text.libgcc.fixed
                0x0000000000000000        0x0 c:/program files/microchip/xc8/v2.31/avr/bin/../lib/gcc/avr/5.4.0/avr5/memx-const\libgcc.a(_prologue.o)
 .text          0x0000000000000000        0x0 c:/program files/microchip/xc8/v2.31/avr/bin/../lib/gcc/avr/5.4.0/avr5/memx-const\libgcc.a(_epilogue.o)
 .data          0x0000000000000000        0x0 c:/program files/microchip/xc8/v2.31/avr/bin/../lib/gcc/avr/5.4.0/avr5/memx-const\libgcc.a(_epilogue.o)
 .bss           0x0000000000000000        0x0 c:/program files/microchip/xc8/v2.31/avr/bin/../lib/gcc/avr/5.4.0/avr5/memx-const\libgcc.a(_epilogue.o)
 .text.libgcc.mul
                0x0000000000000000        0x0 c:/program files/microchip/xc8/v2.31/avr/bin/../lib/gcc/avr/5.4.0/avr5/memx-const\libgcc.a(_epilogue.o)
 .text.libgcc.div
                0x0000000000000000        0x0 c:/program files/microchip/xc8/v2.31/avr/bin/../lib/gcc/avr/5.4.0/avr5/memx-const\libgcc.a(_epilogue.o)
 .text.libgcc   0x0000000000000000        0x0 c:/program files/microchip/xc8/v2.31/avr/bin/../lib/gcc/avr/5.4.0/avr5/memx-const\libgcc.a(_epilogue.o)
 .text.libgcc.builtins
                0x0000000000000000        0x0 c:/program files/microchip/xc8/v2.31/avr/bin/../lib/gcc/avr/5.4.0/avr5/memx-const\libgcc.a(_epilogue.o)
 .text.libgcc.fmul
                0x0000000000000000        0x0 c:/program files/microchip/xc8/v2.31/avr/bin/../lib/gcc/avr/5.4.0/avr5/memx-const\libgcc.a(_epilogue.o)
 .text.libgcc.fixed
                0x0000000000000000        0x0 c:/program files/microchip/xc8/v2.31/avr/bin/../lib/gcc/avr/5.4.0/avr5/memx-const\libgcc.a(_epilogue.o)
 .text          0x0000000000000000        0x0 c:/program files/microchip/xc8/v2.31/avr/bin/../lib/gcc/avr/5.4.0/avr5/memx-const\libgcc.a(_umulhisi3.o)
 .data          0x0000000000000000        0x0 c:/program files/microchip/xc8/v2.31/avr/bin/../lib/gcc/avr/5.4.0/avr5/memx-const\libgcc.a(_umulhisi3.o)
 .bss           0x0000000000000000        0x0 c:/program files/microchip/xc8/v2.31/avr/bin/../lib/gcc/avr/5.4.0/avr5/memx-const\libgcc.a(_umulhisi3.o)
 .text.libgcc.div
                0x0000000000000000        0x0 c:/program files/microchip/xc8/v2.31/avr/bin/../lib/gcc/avr/5.4.0/avr5/memx-const\libgcc.a(_umulhisi3.o)
 .text.libgcc   0x0000000000000000        0x0 c:/program files/microchip/xc8/v2.31/avr/bin/../lib/gcc/avr/5.4.0/avr5/memx-const\libgcc.a(_umulhisi3.o)
 .text.libgcc.prologue
                0x0000000000000000        0x0 c:/program files/microchip/xc8/v2.31/avr/bin/../lib/gcc/avr/5.4.0/avr5/memx-const\libgcc.a(_umulhisi3.o)
 .text.libgcc.builtins
                0x0000000000000000        0x0 c:/program files/microchip/xc8/v2.31/avr/bin/../lib/gcc/avr/5.4.0/avr5/memx-const\libgcc.a(_umulhisi3.o)
 .text.libgcc.fmul
                0x0000000000000000        0x0 c:/program files/microchip/xc8/v2.31/avr/bin/../lib/gcc/avr/5.4.0/avr5/memx-const\libgcc.a(_umulhisi3.o)
 .text.libgcc.fixed
                0x0000000000000000        0x0 c:/program files/microchip/xc8/v2.31/avr/bin/../lib/gcc/avr/5.4.0/avr5/memx-const\libgcc.a(_umulhisi3.o)

Memory Configuration

Name             Origin             Length             Attributes
text             0x0000000000000000 0x0000000000008000 xr
data             0x0000000000800100 0x0000000000000800 rw !x
eeprom           0x0000000000810000 0x0000000000000400 rw !x
fuse             0x0000000000820000 0x0000000000000003 rw !x
lock             0x0000000000830000 0x0000000000000400 rw !x
signature        0x0000000000840000 0x0000000000000400 rw !x
user_signatures  0x0000000000850000 0x0000000000000400 rw !x
*default*        0x0000000000000000 0xffffffffffffffff

Linker script and memory map

Address of section .data set to 0x800100
LOAD C:/Program Files (x86)/Atmel/Studio/7.0/Packs/atmel/ATmega_DFP/1.6.364/xc8/avr/lib/avr5/memx-const/crtatmega328p.o
LOAD communication.o
LOAD digPot.o
LOAD led.o
LOAD ledInterface.o
LOAD main.o
LOAD nrf24l01.o
LOAD timer.o
LOAD uart.o
START GROUP
LOAD c:/program files/microchip/xc8/v2.31/avr/bin/../lib/gcc/avr/5.4.0/../../../../avr/lib/avr5/memx-const\libm.a
END GROUP
START GROUP
LOAD c:/program files/microchip/xc8/v2.31/avr/bin/../lib/gcc/avr/5.4.0/avr5/memx-const\libgcc.a
LOAD c:/program files/microchip/xc8/v2.31/avr/bin/../lib/gcc/avr/5.4.0/../../../../avr/lib/avr5/memx-const\libm.a
LOAD c:/program files/microchip/xc8/v2.31/avr/bin/../lib/gcc/avr/5.4.0/../../../../avr/lib/avr5/memx-const\libc.a
LOAD C:/Program Files (x86)/Atmel/Studio/7.0/Packs/atmel/ATmega_DFP/1.6.364/xc8/avr/lib/avr5/memx-const\libatmega328p.a
END GROUP
                0x0000000000000000                __TEXT_REGION_ORIGIN__ = DEFINED (__TEXT_REGION_ORIGIN__)?__TEXT_REGION_ORIGIN__:0x0
                [0x0000000000800100]                __DATA_REGION_ORIGIN__ = DEFINED (__DATA_REGION_ORIGIN__)?__DATA_REGION_ORIGIN__:0x800060
                [0x0000000000008000]                __TEXT_REGION_LENGTH__ = DEFINED (__TEXT_REGION_LENGTH__)?__TEXT_REGION_LENGTH__:0x20000
                [0x0000000000000800]                __DATA_REGION_LENGTH__ = DEFINED (__DATA_REGION_LENGTH__)?__DATA_REGION_LENGTH__:0xffa0
                [0x0000000000000400]                __EEPROM_REGION_LENGTH__ = DEFINED (__EEPROM_REGION_LENGTH__)?__EEPROM_REGION_LENGTH__:0x10000
                [0x0000000000000003]                __FUSE_REGION_LENGTH__ = DEFINED (__FUSE_REGION_LENGTH__)?__FUSE_REGION_LENGTH__:0x400
                0x0000000000000400                __LOCK_REGION_LENGTH__ = DEFINED (__LOCK_REGION_LENGTH__)?__LOCK_REGION_LENGTH__:0x400
                0x0000000000000400                __SIGNATURE_REGION_LENGTH__ = DEFINED (__SIGNATURE_REGION_LENGTH__)?__SIGNATURE_REGION_LENGTH__:0x400
                0x0000000000000400                __USER_SIGNATURE_REGION_LENGTH__ = DEFINED (__USER_SIGNATURE_REGION_LENGTH__)?__USER_SIGNATURE_REGION_LENGTH__:0x400

.hash
 *(.hash)

.dynsym
 *(.dynsym)

.dynstr
 *(.dynstr)

.gnu.version
 *(.gnu.version)

.gnu.version_d
 *(.gnu.version_d)

.gnu.version_r
 *(.gnu.version_r)

.rel.init
 *(.rel.init)

.rela.init
 *(.rela.init)

.rel.text
 *(.rel.text)
 *(.rel.text.*)
 *(.rel.gnu.linkonce.t*)

.rela.text
 *(.rela.text)
 *(.rela.text.*)
 *(.rela.gnu.linkonce.t*)

.rel.fini
 *(.rel.fini)

.rela.fini
 *(.rela.fini)

.rel.rodata
 *(.rel.rodata)
 *(.rel.rodata.*)
 *(.rel.gnu.linkonce.r*)

.rela.rodata
 *(.rela.rodata)
 *(.rela.rodata.*)
 *(.rela.gnu.linkonce.r*)

.rel.data
 *(.rel.data)
 *(.rel.data.*)
 *(.rel.gnu.linkonce.d*)

.rela.data
 *(.rela.data)
 *(.rela.data.*)
 *(.rela.gnu.linkonce.d*)

.rel.ctors
 *(.rel.ctors)

.rela.ctors
 *(.rela.ctors)

.rel.dtors
 *(.rel.dtors)

.rela.dtors
 *(.rela.dtors)

.rel.got
 *(.rel.got)

.rela.got
 *(.rela.got)

.rel.bss
 *(.rel.bss)

.rela.bss
 *(.rela.bss)

.rel.plt
 *(.rel.plt)

.rela.plt
 *(.rela.plt)

.text           0x0000000000000000       0xce
 *(.vectors)
 .vectors       0x0000000000000000       0x68 C:/Program Files (x86)/Atmel/Studio/7.0/Packs/atmel/ATmega_DFP/1.6.364/xc8/avr/lib/avr5/memx-const/crtatmega328p.o
                0x0000000000000000                __vector_default
                0x0000000000000000                __vectors
 *(.vectors)
 *(.progmem.gcc*)
 *(.dinit)
 .dinit         0x0000000000000068       0x11 data_init
                0x000000000000007a                . = ALIGN (0x2)
 *fill*         0x0000000000000079        0x1 
                0x000000000000007a                __trampolines_start = .
 *(.trampolines)
 .trampolines   0x000000000000007a        0x0 linker stubs
 *(.trampolines*)
                0x000000000000007a                __trampolines_end = .
 *libprintf_flt.a:*(.progmem.data)
 *libc.a:*(.progmem.data)
                0x000000000000007a                . = ALIGN (0x2)
 *(.jumptables)
 *(.jumptables*)
 *(.lowtext)
 *(.lowtext*)
                0x000000000000007a                __ctors_start = .
 *(.ctors)
                0x000000000000007a                __ctors_end = .
                0x000000000000007a                __dtors_start = .
 *(.dtors)
                0x000000000000007a                __dtors_end = .
 SORT(*)(.ctors)
 SORT(*)(.dtors)
 *(.init0)
 .init0         0x000000000000007a        0x0 C:/Program Files (x86)/Atmel/Studio/7.0/Packs/atmel/ATmega_DFP/1.6.364/xc8/avr/lib/avr5/memx-const/crtatmega328p.o
                0x000000000000007a                __init
 *(.init0)
 *(.init1)
 *(.init1)
 *(.init2)
 .init2         0x000000000000007a        0xc C:/Program Files (x86)/Atmel/Studio/7.0/Packs/atmel/ATmega_DFP/1.6.364/xc8/avr/lib/avr5/memx-const/crtatmega328p.o
 *(.init2)
 *(.init3)
 *(.init3)
 *(.init4)
 .init4         0x0000000000000086       0x3c c:/program files/microchip/xc8/v2.31/avr/bin/../lib/gcc/avr/5.4.0/avr5/memx-const\libgcc.a(_copy_data.o)
                0x0000000000000086                __do_copy_data
                0x00000000000000b4                __do_clear_bss
 *(.init4)
 *(.init5)
 *(.init5)
 *(.init6)
 *(.init6)
 *(.init7)
 *(.init7)
 *(.init8)
 *(.init8)
 *(.init9)
 .init9         0x00000000000000c2        0x8 C:/Program Files (x86)/Atmel/Studio/7.0/Packs/atmel/ATmega_DFP/1.6.364/xc8/avr/lib/avr5/memx-const/crtatmega328p.o
 *(.init9)
                0x00000000000000ca                . = ALIGN (0x2)
 *(.fini9)
 .fini9         0x00000000000000ca        0x0 c:/program files/microchip/xc8/v2.31/avr/bin/../lib/gcc/avr/5.4.0/avr5/memx-const\libgcc.a(_exit.o)
                0x00000000000000ca                _exit
                0x00000000000000ca                exit
 *(.fini9)
 *(.fini8)
 *(.fini8)
 *(.fini7)
 *(.fini7)
 *(.fini6)
 *(.fini6)
 *(.fini5)
 *(.fini5)
 *(.fini4)
 *(.fini4)
 *(.fini3)
 *(.fini3)
 *(.fini2)
 *(.fini2)
 *(.fini1)
 *(.fini1)
 *(.fini0)
 .fini0         0x00000000000000ca        0x4 c:/program files/microchip/xc8/v2.31/avr/bin/../lib/gcc/avr/5.4.0/avr5/memx-const\libgcc.a(_exit.o)
 *(.fini0)
                0x00000000000000ce                _etext = .

.data           0x0000000000800100        0x0 load address 0x00000000000000ce
                [!provide]                        PROVIDE (__data_start, .)
 *(.gnu.linkonce.d*)
 *(.gnu.linkonce.r*)
                0x0000000000800100                . = ALIGN (0x2)
                0x0000000000800100                _edata = .
                [!provide]                        PROVIDE (__data_end, .)

.bss            0x0000000000800100       0x14
                [!provide]                        PROVIDE (__bss_start, .)
 *(COMMON)
 COMMON         0x0000000000800100        0x7 main.o
                0x0000000000800100                led
 COMMON         0x0000000000800107        0x1 nrf24l01.o
                0x0000000000800107                data
 COMMON         0x0000000000800108        0x4 timer.o
                0x0000000000800108                compB0_1
                0x000000000080010a                compB1_0
 COMMON         0x000000000080010c        0x2 c:/program files/microchip/xc8/v2.31/avr/bin/../lib/gcc/avr/5.4.0/../../../../avr/lib/avr5/memx-const\libc.a(errno.o)
                0x000000000080010c                errno
 COMMON         0x000000000080010e        0x6 c:/program files/microchip/xc8/v2.31/avr/bin/../lib/gcc/avr/5.4.0/../../../../avr/lib/avr5/memx-const\libc.a(iob.o)
                0x000000000080010e                __iob
                [!provide]                        PROVIDE (__bss_end, .)
                0x00000000000000ce                __data_load_start = LOADADDR (.data)
                0x00000000000000ce                __data_load_end = (__data_load_start + SIZEOF (.data))

.noinit         0x0000000000800114        0x0
                [!provide]                        PROVIDE (__noinit_start, .)
 *(.noinit*)
                [!provide]                        PROVIDE (__noinit_end, .)
                0x0000000000800114                _end = .

.eeprom         0x0000000000810000        0x0
 *(.eeprom*)
                0x0000000000810000                __eeprom_end = .

.fuse
 *(.fuse)
 *(.lfuse)
 *(.hfuse)
 *(.efuse)

.lock
 *(.lock*)

.signature
 *(.signature*)

.user_signatures
 *(.user_signatures*)

.stab
 *(.stab)

.stabstr
 *(.stabstr)

.stab.excl
 *(.stab.excl)

.stab.exclstr
 *(.stab.exclstr)

.stab.index
 *(.stab.index)

.stab.indexstr
 *(.stab.indexstr)

.comment        0x0000000000000000       0x5b
 *(.comment)
 .comment       0x0000000000000000       0x2f communication.o
                                         0x30 (size before relaxing)
 .comment       0x000000000000002f       0x30 led.o
 .comment       0x000000000000002f       0x30 main.o
 .comment       0x000000000000002f       0x30 nrf24l01.o
 .comment       0x000000000000002f       0x30 timer.o
 .comment       0x000000000000002f       0x30 uart.o
 .comment       0x000000000000002f       0x2c c:/program files/microchip/xc8/v2.31/avr/bin/../lib/gcc/avr/5.4.0/../../../../avr/lib/avr5/memx-const\libc.a(atoi_M.o)
                                         0x2d (size before relaxing)
 .comment       0x000000000000005b       0x2d c:/program files/microchip/xc8/v2.31/avr/bin/../lib/gcc/avr/5.4.0/../../../../avr/lib/avr5/memx-const\libc.a(atol_M.o)
 .comment       0x000000000000005b       0x2d c:/program files/microchip/xc8/v2.31/avr/bin/../lib/gcc/avr/5.4.0/../../../../avr/lib/avr5/memx-const\libc.a(strtol.o)
 .comment       0x000000000000005b       0x2d c:/program files/microchip/xc8/v2.31/avr/bin/../lib/gcc/avr/5.4.0/../../../../avr/lib/avr5/memx-const\libc.a(strlen_M.o)
 .comment       0x000000000000005b       0x2d c:/program files/microchip/xc8/v2.31/avr/bin/../lib/gcc/avr/5.4.0/../../../../avr/lib/avr5/memx-const\libc.a(strcpy_M.o)
 .comment       0x000000000000005b       0x2d c:/program files/microchip/xc8/v2.31/avr/bin/../lib/gcc/avr/5.4.0/../../../../avr/lib/avr5/memx-const\libc.a(printf.o)
 .comment       0x000000000000005b       0x2d c:/program files/microchip/xc8/v2.31/avr/bin/../lib/gcc/avr/5.4.0/../../../../avr/lib/avr5/memx-const\libc.a(vfprintf_std.o)
 .comment       0x000000000000005b       0x2d c:/program files/microchip/xc8/v2.31/avr/bin/../lib/gcc/avr/5.4.0/../../../../avr/lib/avr5/memx-const\libc.a(errno.o)
 .comment       0x000000000000005b       0x2d c:/program files/microchip/xc8/v2.31/avr/bin/../lib/gcc/avr/5.4.0/../../../../avr/lib/avr5/memx-const\libc.a(strnlen_M.o)
 .comment       0x000000000000005b       0x2d c:/program files/microchip/xc8/v2.31/avr/bin/../lib/gcc/avr/5.4.0/../../../../avr/lib/avr5/memx-const\libc.a(fputc.o)
 .comment       0x000000000000005b       0x2d c:/program files/microchip/xc8/v2.31/avr/bin/../lib/gcc/avr/5.4.0/../../../../avr/lib/avr5/memx-const\libc.a(iob.o)

.note.gnu.build-id
 *(.note.gnu.build-id)

.debug
 *(.debug)

.line
 *(.line)

.debug_srcinfo
 *(.debug_srcinfo)

.debug_sfnames
 *(.debug_sfnames)

.debug_aranges  0x0000000000000000      0x1f0
 *(.debug_aranges)
 .debug_aranges
                0x0000000000000000       0x60 communication.o
 .debug_aranges
                0x0000000000000060       0x80 led.o
 .debug_aranges
                0x00000000000000e0       0x30 main.o
 .debug_aranges
                0x0000000000000110       0x68 nrf24l01.o
 .debug_aranges
                0x0000000000000178       0x28 timer.o
 .debug_aranges
                0x00000000000001a0       0x50 uart.o

.debug_pubnames
 *(.debug_pubnames)

.debug_info     0x0000000000000000     0x3907
 *(.debug_info .gnu.linkonce.wi.*)
 .debug_info    0x0000000000000000      0x5f4 C:/Program Files (x86)/Atmel/Studio/7.0/Packs/atmel/ATmega_DFP/1.6.364/xc8/avr/lib/avr5/memx-const/crtatmega328p.o
 .debug_info    0x00000000000005f4      0xa7e communication.o
 .debug_info    0x0000000000001072      0x6ee led.o
 .debug_info    0x0000000000001760      0x804 main.o
 .debug_info    0x0000000000001f64      0xf98 nrf24l01.o
 .debug_info    0x0000000000002efc      0x486 timer.o
 .debug_info    0x0000000000003382      0x585 uart.o

.debug_abbrev   0x0000000000000000      0xf0f
 *(.debug_abbrev)
 .debug_abbrev  0x0000000000000000      0x5a2 C:/Program Files (x86)/Atmel/Studio/7.0/Packs/atmel/ATmega_DFP/1.6.364/xc8/avr/lib/avr5/memx-const/crtatmega328p.o
 .debug_abbrev  0x00000000000005a2      0x1d3 communication.o
 .debug_abbrev  0x0000000000000775      0x119 led.o
 .debug_abbrev  0x000000000000088e      0x18f main.o
 .debug_abbrev  0x0000000000000a1d      0x2d3 nrf24l01.o
 .debug_abbrev  0x0000000000000cf0      0x124 timer.o
 .debug_abbrev  0x0000000000000e14       0xfb uart.o

.debug_line     0x0000000000000000     0x11a9
 *(.debug_line .debug_line.* .debug_line_end)
 .debug_line    0x0000000000000000      0x137 C:/Program Files (x86)/Atmel/Studio/7.0/Packs/atmel/ATmega_DFP/1.6.364/xc8/avr/lib/avr5/memx-const/crtatmega328p.o
 .debug_line    0x0000000000000137      0x3ac communication.o
 .debug_line    0x00000000000004e3      0x1b6 led.o
 .debug_line    0x0000000000000699      0x25c main.o
 .debug_line    0x00000000000008f5      0x584 nrf24l01.o
 .debug_line    0x0000000000000e79      0x12b timer.o
 .debug_line    0x0000000000000fa4      0x205 uart.o

.debug_frame    0x0000000000000000      0x528
 *(.debug_frame)
 .debug_frame   0x0000000000000000      0x118 communication.o
 .debug_frame   0x0000000000000118       0xf0 led.o
 .debug_frame   0x0000000000000208       0xac main.o
 .debug_frame   0x00000000000002b4      0x144 nrf24l01.o
 .debug_frame   0x00000000000003f8       0x48 timer.o
 .debug_frame   0x0000000000000440       0xe8 uart.o

.debug_str      0x0000000000000000      0x454
 *(.debug_str)
 .debug_str     0x0000000000000000      0x208 C:/Program Files (x86)/Atmel/Studio/7.0/Packs/atmel/ATmega_DFP/1.6.364/xc8/avr/lib/avr5/memx-const/crtatmega328p.o
 .debug_str     0x0000000000000208       0xf6 communication.o
 .debug_str     0x00000000000002fe       0x35 led.o
 .debug_str     0x0000000000000333       0xa9 main.o
 .debug_str     0x00000000000003dc       0x4c nrf24l01.o
 .debug_str     0x0000000000000428       0x20 timer.o
 .debug_str     0x0000000000000448        0xc uart.o

.debug_loc      0x0000000000000000     0x12da
 *(.debug_loc)
 .debug_loc     0x0000000000000000      0x4d9 communication.o
 .debug_loc     0x00000000000004d9      0x155 led.o
 .debug_loc     0x000000000000062e      0x2be main.o
 .debug_loc     0x00000000000008ec      0x63c nrf24l01.o
 .debug_loc     0x0000000000000f28       0xa7 timer.o
 .debug_loc     0x0000000000000fcf      0x30b uart.o

.debug_macinfo
 *(.debug_macinfo)

.debug_weaknames
 *(.debug_weaknames)

.debug_funcnames
 *(.debug_funcnames)

.debug_typenames
 *(.debug_typenames)

.debug_varnames
 *(.debug_varnames)

.debug_pubtypes
 *(.debug_pubtypes)

.debug_ranges   0x0000000000000000      0x1a8
 *(.debug_ranges)
 .debug_ranges  0x0000000000000000       0x68 communication.o
 .debug_ranges  0x0000000000000068       0x70 led.o
 .debug_ranges  0x00000000000000d8       0x20 main.o
 .debug_ranges  0x00000000000000f8       0x58 nrf24l01.o
 .debug_ranges  0x0000000000000150       0x18 timer.o
 .debug_ranges  0x0000000000000168       0x40 uart.o

.debug_macro
 *(.debug_macro)
OUTPUT(vlp-firmware_atmel.elf elf32-avr)
LOAD linker stubs
LOAD data_init

.note.gnu.avr.deviceinfo
                0x0000000000000000       0x40
 .note.gnu.avr.deviceinfo
                0x0000000000000000       0x40 C:/Program Files (x86)/Atmel/Studio/7.0/Packs/atmel/ATmega_DFP/1.6.364/xc8/avr/lib/avr5/memx-const/crtatmega328p.o

.bss.pos.1886   0x0000000000800290        0x1
 .bss.pos.1886  0x0000000000800290        0x1 communication.o

.bss.bit_count  0x0000000000800291        0x1
 .bss.bit_count
                0x0000000000800291        0x1 communication.o
                0x0000000000800291                bit_count

.bss.byte_count
                0x0000000000800292        0x1
 .bss.byte_count
                0x0000000000800292        0x1 communication.o
                0x0000000000800292                byte_count

.bss.bitstream  0x0000000000800114       0xf0
 .bss.bitstream
                0x0000000000800114       0xf0 communication.o
                0x0000000000800114                bitstream

.bss.bitstream_byte_array
                0x0000000000800264       0x1e
 .bss.bitstream_byte_array
                0x0000000000800264       0x1e communication.o
                0x0000000000800264                bitstream_byte_array

.bss.TX_command_array
                0x0000000000800204       0x20
 .bss.TX_command_array
                0x0000000000800204       0x20 communication.o
                0x0000000000800204                TX_command_array

.bss.UART_LastRxError
                0x0000000000800293        0x1
 .bss.UART_LastRxError
                0x0000000000800293        0x1 uart.o

.bss.UART_RxTail
                0x0000000000800294        0x1
 .bss.UART_RxTail
                0x0000000000800294        0x1 uart.o

.bss.UART_RxHead
                0x0000000000800295        0x1
 .bss.UART_RxHead
                0x0000000000800295        0x1 uart.o

.bss.UART_TxTail
                0x0000000000800296        0x1
 .bss.UART_TxTail
                0x0000000000800296        0x1 uart.o

.bss.UART_TxHead
                0x0000000000800297        0x1
 .bss.UART_TxHead
                0x0000000000800297        0x1 uart.o

.bss.UART_RxBuf
                0x0000000000800224       0x20
 .bss.UART_RxBuf
                0x0000000000800224       0x20 uart.o

.bss.UART_TxBuf
                0x0000000000800244       0x20
 .bss.UART_TxBuf
                0x0000000000800244       0x20 uart.o

.progmemx.data  0x00000000000000ce       0x28
 .progmemx.data
                0x00000000000000ce       0x28 main.o

.progmemx.data  0x00000000000000f6       0x1b
 .progmemx.data
                0x00000000000000f6       0x1b nrf24l01.o

.progmemx.data.__c.2406
                0x0000000000000111       0x18
 .progmemx.data.__c.2406
                0x0000000000000111       0x18 main.o

.progmemx.data.__c.2404
                0x0000000000000129       0x15
 .progmemx.data.__c.2404
                0x0000000000000129       0x15 main.o

.progmemx.data.__c.2402
                0x000000000000013e       0x13
 .progmemx.data.__c.2402
                0x000000000000013e       0x13 main.o

.text.avrlibc   0x0000000000000152      0x448
 .text.avrlibc  0x0000000000000152      0x448 c:/program files/microchip/xc8/v2.31/avr/bin/../lib/gcc/avr/5.4.0/../../../../avr/lib/avr5/memx-const\libc.a(vfprintf_std.o)
                0x0000000000000152                vfprintf

.text.avrlibc   0x000000000000059a      0x2dc
 .text.avrlibc  0x000000000000059a      0x2dc c:/program files/microchip/xc8/v2.31/avr/bin/../lib/gcc/avr/5.4.0/../../../../avr/lib/avr5/memx-const\libc.a(strtol.o)
                0x000000000000059a                strtol

.text.main      0x0000000000000876      0x1e0
 .text.main     0x0000000000000876      0x1e0 main.o
                0x0000000000000876                main

.text.nrf24_send_message
                0x0000000000000a56      0x18a
 .text.nrf24_send_message
                0x0000000000000a56      0x18a nrf24l01.o
                0x0000000000000a56                nrf24_send_message

.text.nrf24_init
                0x0000000000000be0      0x16c
 .text.nrf24_init
                0x0000000000000be0      0x16c nrf24l01.o
                0x0000000000000be0                nrf24_init

.text.nrf24_state
                0x0000000000000d4c       0xfc
 .text.nrf24_state
                0x0000000000000d4c       0xfc nrf24l01.o
                0x0000000000000d4c                nrf24_state

.text.avrlibc   0x0000000000000e48       0xbc
 .text.avrlibc  0x0000000000000e48       0xbc c:/program files/microchip/xc8/v2.31/avr/bin/../lib/gcc/avr/5.4.0/../../../../avr/lib/avr5/memx-const\libc.a(ultoa_invert.o)
                0x0000000000000e48                __ultoa_invert

.text.bitsToByteArray
                0x0000000000000f04       0xb0
 .text.bitsToByteArray
                0x0000000000000f04       0xb0 communication.o
                0x0000000000000f04                bitsToByteArray

.text.__vector_11
                0x0000000000000fb4       0x7c
 .text.__vector_11
                0x0000000000000fb4       0x7c main.o
                0x0000000000000fb4                __vector_11

.text.avrlibc   0x0000000000001030       0x78
 .text.avrlibc  0x0000000000001030       0x78 c:/program files/microchip/xc8/v2.31/avr/bin/../lib/gcc/avr/5.4.0/../../../../avr/lib/avr5/memx-const\libc.a(fputc.o)
                0x0000000000001030                fputc

.text.sendBitStream
                0x00000000000010a8       0x64
 .text.sendBitStream
                0x00000000000010a8       0x64 communication.o
                0x00000000000010a8                sendBitStream

.text.__vector_18
                0x000000000000110c       0x5c
 .text.__vector_18
                0x000000000000110c       0x5c uart.o
                0x000000000000110c                __vector_18

.text.__vector_19
                0x0000000000001168       0x54
 .text.__vector_19
                0x0000000000001168       0x54 uart.o
                0x0000000000001168                __vector_19

.text.buildLEDCommand
                0x00000000000011bc       0x4e
 .text.buildLEDCommand
                0x00000000000011bc       0x4e communication.o
                0x00000000000011bc                buildLEDCommand

.text.sendCommand
                0x000000000000120a       0x46
 .text.sendCommand
                0x000000000000120a       0x46 communication.o
                0x000000000000120a                sendCommand

.text.libgcc.div
                0x0000000000001250       0x44
 .text.libgcc.div
                0x0000000000001250       0x44 c:/program files/microchip/xc8/v2.31/avr/bin/../lib/gcc/avr/5.4.0/avr5/memx-const\libgcc.a(_udivmodsi4.o)
                0x0000000000001250                __udivmodsi4

.text.getBit    0x0000000000001294       0x42
 .text.getBit   0x0000000000001294       0x42 communication.o
                0x0000000000001294                getBit

.text.nrf24_send_spi
                0x00000000000012d6       0x3c
 .text.nrf24_send_spi
                0x00000000000012d6       0x3c nrf24l01.o
                0x00000000000012d6                nrf24_send_spi

.text.uart_getc
                0x0000000000001312       0x3c
 .text.uart_getc
                0x0000000000001312       0x3c uart.o
                0x0000000000001312                uart_getc

.text.libgcc.prologue
                0x000000000000134e       0x38
 .text.libgcc.prologue
                0x000000000000134e       0x38 c:/program files/microchip/xc8/v2.31/avr/bin/../lib/gcc/avr/5.4.0/avr5/memx-const\libgcc.a(_prologue.o)
                0x000000000000134e                __prologue_saves__

.text.uart_init
                0x0000000000001386       0x36
 .text.uart_init
                0x0000000000001386       0x36 uart.o
                0x0000000000001386                uart_init

.text.avrlibc   0x00000000000013bc       0x36
 .text.avrlibc  0x00000000000013bc       0x36 c:/program files/microchip/xc8/v2.31/avr/bin/../lib/gcc/avr/5.4.0/../../../../avr/lib/avr5/memx-const\libc.a(strnlen_M.o)
                0x00000000000013bc                strnlen

.text.libgcc.prologue
                0x00000000000013f2       0x36
 .text.libgcc.prologue
                0x00000000000013f2       0x36 c:/program files/microchip/xc8/v2.31/avr/bin/../lib/gcc/avr/5.4.0/avr5/memx-const\libgcc.a(_epilogue.o)
                0x00000000000013f2                __epilogue_restores__

.text.uart_puts_p
                0x0000000000001428       0x30
 .text.uart_puts_p
                0x0000000000001428       0x30 uart.o
                0x0000000000001428                uart_puts_p

.text.avrlibc   0x0000000000001458       0x2e
 .text.avrlibc  0x0000000000001458       0x2e c:/program files/microchip/xc8/v2.31/avr/bin/../lib/gcc/avr/5.4.0/../../../../avr/lib/avr5/memx-const\libc.a(printf.o)
                0x0000000000001458                printf

.text.uart_puts
                0x0000000000001486       0x2c
 .text.uart_puts
                0x0000000000001486       0x2c uart.o
                0x0000000000001486                uart_puts

.text.avrlibc   0x00000000000014b2       0x2c
 .text.avrlibc  0x00000000000014b2       0x2c c:/program files/microchip/xc8/v2.31/avr/bin/../lib/gcc/avr/5.4.0/../../../../avr/lib/avr5/memx-const\libc.a(strlen_M.o)
                0x00000000000014b2                strlen

.text.uart_putc
                0x00000000000014de       0x2a
 .text.uart_putc
                0x00000000000014de       0x2a uart.o
                0x00000000000014de                uart_putc

.text.__vector_12
                0x0000000000001508       0x20
 .text.__vector_12
                0x0000000000001508       0x20 main.o
                0x0000000000001508                __vector_12

.text.libgcc.mul
                0x0000000000001528       0x20
 .text.libgcc.mul
                0x0000000000001528       0x20 c:/program files/microchip/xc8/v2.31/avr/bin/../lib/gcc/avr/5.4.0/avr5/memx-const\libgcc.a(_mulsi3.o)
                0x0000000000001528                __mulsi3

.text.avrlibc   0x0000000000001548       0x1e
 .text.avrlibc  0x0000000000001548       0x1e c:/program files/microchip/xc8/v2.31/avr/bin/../lib/gcc/avr/5.4.0/../../../../avr/lib/avr5/memx-const\libc.a(strcpy_M.o)
                0x0000000000001548                strcpy

.text.libgcc.mul
                0x0000000000001566       0x1e
 .text.libgcc.mul
                0x0000000000001566       0x1e c:/program files/microchip/xc8/v2.31/avr/bin/../lib/gcc/avr/5.4.0/avr5/memx-const\libgcc.a(_umulhisi3.o)
                0x0000000000001566                __umulhisi3

.text.nrf24_start_listening
                0x0000000000001584       0x1a
 .text.nrf24_start_listening
                0x0000000000001584       0x1a nrf24l01.o
                0x0000000000001584                nrf24_start_listening

.text.libgcc.mul
                0x000000000000159e       0x16
 .text.libgcc.mul
                0x000000000000159e       0x16 c:/program files/microchip/xc8/v2.31/avr/bin/../lib/gcc/avr/5.4.0/avr5/memx-const\libgcc.a(_muluhisi3.o)
                0x000000000000159e                __muluhisi3

.text.avrlibc   0x00000000000015b4       0x12
 .text.avrlibc  0x00000000000015b4       0x12 c:/program files/microchip/xc8/v2.31/avr/bin/../lib/gcc/avr/5.4.0/../../../../avr/lib/avr5/memx-const\libc.a(isspace.o)
                0x00000000000015b4                isspace

.text.avrlibc   0x00000000000015c6        0xe
 .text.avrlibc  0x00000000000015c6        0xe c:/program files/microchip/xc8/v2.31/avr/bin/../lib/gcc/avr/5.4.0/../../../../avr/lib/avr5/memx-const\libc.a(atol_M.o)
                0x00000000000015c6                atol

.text.getLedFrequency
                0x00000000000015d4        0x8
 .text.getLedFrequency
                0x00000000000015d4        0x8 led.o
                0x00000000000015d4                getLedFrequency

.text.setLedFrequency
                0x00000000000015dc        0x8
 .text.setLedFrequency
                0x00000000000015dc        0x8 led.o
                0x00000000000015dc                setLedFrequency

.text.nrf24_write
                0x00000000000015e4        0x8
 .text.nrf24_write
                0x00000000000015e4        0x8 nrf24l01.o
                0x00000000000015e4                nrf24_write

.text.avrlibc   0x00000000000015ec        0x8
 .text.avrlibc  0x00000000000015ec        0x8 c:/program files/microchip/xc8/v2.31/avr/bin/../lib/gcc/avr/5.4.0/../../../../avr/lib/avr5/memx-const\libc.a(atoi_M.o)
                0x00000000000015ec                atoi

.text.getLedID  0x00000000000015f4        0x6
 .text.getLedID
                0x00000000000015f4        0x6 led.o
                0x00000000000015f4                getLedID

.text.setLedID  0x00000000000015fa        0x6
 .text.setLedID
                0x00000000000015fa        0x6 led.o
                0x00000000000015fa                setLedID

.text.getLedState
                0x0000000000001600        0x6
 .text.getLedState
                0x0000000000001600        0x6 led.o
                0x0000000000001600                getLedState

.text.setLedState
                0x0000000000001606        0x6
 .text.setLedState
                0x0000000000001606        0x6 led.o
                0x0000000000001606                setLedState

.text.getLedMode
                0x000000000000160c        0x6
 .text.getLedMode
                0x000000000000160c        0x6 led.o
                0x000000000000160c                getLedMode

.text.setLedMode
                0x0000000000001612        0x6
 .text.setLedMode
                0x0000000000001612        0x6 led.o
                0x0000000000001612                setLedMode

.text.getLedIntensity
                0x0000000000001618        0x6
 .text.getLedIntensity
                0x0000000000001618        0x6 led.o
                0x0000000000001618                getLedIntensity

.text.setLedIntensity
                0x000000000000161e        0x6
 .text.setLedIntensity
                0x000000000000161e        0x6 led.o
                0x000000000000161e                setLedIntensity

.text.getLedDutyCycle
                0x0000000000001624        0x6
 .text.getLedDutyCycle
                0x0000000000001624        0x6 led.o
                0x0000000000001624                getLedDutyCycle

.text.setLedDutyCycle
                0x000000000000162a        0x6
 .text.setLedDutyCycle
                0x000000000000162a        0x6 led.o
                0x000000000000162a                setLedDutyCycle

.text.nrf24_read
                0x0000000000001630        0x6
 .text.nrf24_read
                0x0000000000001630        0x6 nrf24l01.o
                0x0000000000001630                nrf24_read

.text.avrlibc   0x0000000000001636        0x6
 .text.avrlibc  0x0000000000001636        0x6 c:/program files/microchip/xc8/v2.31/avr/bin/../lib/gcc/avr/5.4.0/../../../../avr/lib/avr5/memx-const\libc.a(cty_isfalse.o)
                0x0000000000001636                __ctype_isfalse
                0x000000000000163a                __ctype_istrue

.text           0x000000000000163c        0x4
 .text          0x000000000000163c        0x4 C:/Program Files (x86)/Atmel/Studio/7.0/Packs/atmel/ATmega_DFP/1.6.364/xc8/avr/lib/avr5/memx-const/crtatmega328p.o
                0x000000000000163c                __vector_22
                0x000000000000163c                __vector_1
                0x000000000000163c                __vector_24
                0x000000000000163c                __bad_interrupt
                0x000000000000163c                __vector_6
                0x000000000000163c                __vector_3
                0x000000000000163c                __vector_23
                0x000000000000163c                __vector_25
                0x000000000000163c                __vector_13
                0x000000000000163c                __vector_17
                0x000000000000163c                __vector_7
                0x000000000000163c                __vector_5
                0x000000000000163c                __vector_4
                0x000000000000163c                __vector_9
                0x000000000000163c                __vector_2
                0x000000000000163c                __vector_21
                0x000000000000163c                __vector_15
                0x000000000000163c                __vector_8
                0x000000000000163c                __vector_14
                0x000000000000163c                __vector_10
                0x000000000000163c                __vector_16
                0x000000000000163c                __vector_20

.data.tx_address
                0x0000000000800282        0x5 load address 0x0000000000001640
 .data.tx_address
                0x0000000000800282        0x5 nrf24l01.o
                0x0000000000800282                tx_address

.data.rx_address
                0x0000000000800287        0x5 load address 0x0000000000001645
 .data.rx_address
                0x0000000000800287        0x5 nrf24l01.o
                0x0000000000800287                rx_address

.data.compB     0x000000000080028c        0x4 load address 0x000000000000164a
 .data.compB    0x000000000080028c        0x4 timer.o
                0x000000000080028c                compB
