
optiboot_atmega328.elf:     file format elf32-avr

Sections:
Idx Name          Size      VMA       LMA       File off  Algn
  0 .data         00000008  00800100  00007d8e  00000502  2**0
                  CONTENTS, ALLOC, LOAD, DATA
  1 .text         0000048e  00007900  00007900  00000074  2**1
                  CONTENTS, ALLOC, LOAD, READONLY, CODE
  2 .version      00000002  00007ffe  00007ffe  0000050a  2**0
                  CONTENTS, READONLY
  3 .stab         000016d4  00000000  00000000  0000050c  2**2
                  CONTENTS, READONLY, DEBUGGING
  4 .stabstr      00001194  00000000  00000000  00001be0  2**0
                  CONTENTS, READONLY, DEBUGGING
  5 .comment      00000011  00000000  00000000  00002d74  2**0
                  CONTENTS, READONLY

Disassembly of section .text:

00007900 <main>:
    7900:	cd b7       	in	r28, 0x3d	; 61
    7902:	de b7       	in	r29, 0x3e	; 62
    7904:	26 97       	sbiw	r28, 0x06	; 6
    7906:	de bf       	out	0x3e, r29	; 62
    7908:	cd bf       	out	0x3d, r28	; 61
    790a:	f8 94       	cli
    790c:	11 24       	eor	r1, r1
    790e:	8f ed       	ldi	r24, 0xDF	; 223
    7910:	98 e0       	ldi	r25, 0x08	; 8
    7912:	9e bf       	out	0x3e, r25	; 62
    7914:	8d bf       	out	0x3d, r24	; 61
    7916:	cd b7       	in	r28, 0x3d	; 61
    7918:	de b7       	in	r29, 0x3e	; 62
    791a:	84 b7       	in	r24, 0x34	; 52
    791c:	14 be       	out	0x34, r1	; 52
    791e:	83 ff       	sbrs	r24, 3
    7920:	18 c0       	rjmp	.+48     	; 0x7952 <main+0x52>
    7922:	40 91 ec 08 	lds	r20, 0x08EC	; 0x8008ec <__data_end+0x7e4>
    7926:	50 91 ed 08 	lds	r21, 0x08ED	; 0x8008ed <__data_end+0x7e5>
    792a:	60 91 ee 08 	lds	r22, 0x08EE	; 0x8008ee <__data_end+0x7e6>
    792e:	70 91 ef 08 	lds	r23, 0x08EF	; 0x8008ef <__data_end+0x7e7>
    7932:	4f 3e       	cpi	r20, 0xEF	; 239
    7934:	5e 4b       	sbci	r21, 0xBE	; 190
    7936:	6d 4a       	sbci	r22, 0xAD	; 173
    7938:	7e 4d       	sbci	r23, 0xDE	; 222
    793a:	59 f4       	brne	.+22     	; 0x7952 <main+0x52>
    793c:	10 92 ec 08 	sts	0x08EC, r1	; 0x8008ec <__data_end+0x7e4>
    7940:	10 92 ed 08 	sts	0x08ED, r1	; 0x8008ed <__data_end+0x7e5>
    7944:	10 92 ee 08 	sts	0x08EE, r1	; 0x8008ee <__data_end+0x7e6>
    7948:	10 92 ef 08 	sts	0x08EF, r1	; 0x8008ef <__data_end+0x7e7>
    794c:	80 91 eb 08 	lds	r24, 0x08EB	; 0x8008eb <__data_end+0x7e3>
    7950:	14 d2       	rcall	.+1064   	; 0x7d7a <appStart>
    7952:	80 93 eb 08 	sts	0x08EB, r24	; 0x8008eb <__data_end+0x7e3>
    7956:	8f ee       	ldi	r24, 0xEF	; 239
    7958:	9e eb       	ldi	r25, 0xBE	; 190
    795a:	ad ea       	ldi	r26, 0xAD	; 173
    795c:	be ed       	ldi	r27, 0xDE	; 222
    795e:	80 93 ec 08 	sts	0x08EC, r24	; 0x8008ec <__data_end+0x7e4>
    7962:	90 93 ed 08 	sts	0x08ED, r25	; 0x8008ed <__data_end+0x7e5>
    7966:	a0 93 ee 08 	sts	0x08EE, r26	; 0x8008ee <__data_end+0x7e6>
    796a:	b0 93 ef 08 	sts	0x08EF, r27	; 0x8008ef <__data_end+0x7e7>
    796e:	11 e0       	ldi	r17, 0x01	; 1
    7970:	a0 e0       	ldi	r26, 0x00	; 0
    7972:	b1 e0       	ldi	r27, 0x01	; 1
    7974:	ee e8       	ldi	r30, 0x8E	; 142
    7976:	fd e7       	ldi	r31, 0x7D	; 125
    7978:	02 c0       	rjmp	.+4      	; 0x797e <cpchk>

0000797a <copy>:
    797a:	05 90       	lpm	r0, Z+
    797c:	0d 92       	st	X+, r0

0000797e <cpchk>:
    797e:	a8 30       	cpi	r26, 0x08	; 8
    7980:	b1 07       	cpc	r27, r17
    7982:	d9 f7       	brne	.-10     	; 0x797a <copy>
    7984:	11 e0       	ldi	r17, 0x01	; 1
    7986:	a8 e0       	ldi	r26, 0x08	; 8
    7988:	b1 e0       	ldi	r27, 0x01	; 1
    798a:	01 c0       	rjmp	.+2      	; 0x798e <clchk>

0000798c <clear>:
    798c:	1d 92       	st	X+, r1

0000798e <clchk>:
    798e:	a8 30       	cpi	r26, 0x08	; 8
    7990:	b1 07       	cpc	r27, r17
    7992:	e1 f7       	brne	.-8      	; 0x798c <clear>
    7994:	8a b1       	in	r24, 0x0a	; 10
    7996:	83 60       	ori	r24, 0x03	; 3
    7998:	8a b9       	out	0x0a, r24	; 10
    799a:	8b b1       	in	r24, 0x0b	; 11
    799c:	8c 7f       	andi	r24, 0xFC	; 252
    799e:	8b b9       	out	0x0b, r24	; 11
    79a0:	10 92 c5 00 	sts	0x00C5, r1	; 0x8000c5 <__DATA_REGION_ORIGIN__+0x65>
    79a4:	87 e6       	ldi	r24, 0x67	; 103
    79a6:	80 93 c4 00 	sts	0x00C4, r24	; 0x8000c4 <__DATA_REGION_ORIGIN__+0x64>
    79aa:	86 e0       	ldi	r24, 0x06	; 6
    79ac:	80 93 c2 00 	sts	0x00C2, r24	; 0x8000c2 <__DATA_REGION_ORIGIN__+0x62>
    79b0:	88 e1       	ldi	r24, 0x18	; 24
    79b2:	80 93 c1 00 	sts	0x00C1, r24	; 0x8000c1 <__DATA_REGION_ORIGIN__+0x61>
    79b6:	80 91 01 01 	lds	r24, 0x0101	; 0x800101 <__data_start+0x1>
    79ba:	90 91 02 01 	lds	r25, 0x0102	; 0x800102 <__data_start+0x2>
    79be:	a0 91 03 01 	lds	r26, 0x0103	; 0x800103 <__data_start+0x3>
    79c2:	8c 83       	std	Y+4, r24	; 0x04
    79c4:	9d 83       	std	Y+5, r25	; 0x05
    79c6:	ae 83       	std	Y+6, r26	; 0x06
    79c8:	80 91 04 01 	lds	r24, 0x0104	; 0x800104 <__data_start+0x4>
    79cc:	90 91 05 01 	lds	r25, 0x0105	; 0x800105 <__data_start+0x5>
    79d0:	a0 91 06 01 	lds	r26, 0x0106	; 0x800106 <__data_start+0x6>
    79d4:	89 83       	std	Y+1, r24	; 0x01
    79d6:	9a 83       	std	Y+2, r25	; 0x02
    79d8:	ab 83       	std	Y+3, r26	; 0x03
    79da:	0f d0       	rcall	.+30     	; 0x79fa <spi_init>
    79dc:	be 01       	movw	r22, r28
    79de:	6c 5f       	subi	r22, 0xFC	; 252
    79e0:	7f 4f       	sbci	r23, 0xFF	; 255
    79e2:	ce 01       	movw	r24, r28
    79e4:	01 96       	adiw	r24, 0x01	; 1
    79e6:	63 d1       	rcall	.+710    	; 0x7cae <nrf24_config>
    79e8:	a5 d1       	rcall	.+842    	; 0x7d34 <getch>
    79ea:	9d d1       	rcall	.+826    	; 0x7d26 <putch>
    79ec:	fd cf       	rjmp	.-6      	; 0x79e8 <clchk+0x5a>

000079ee <spi_exchange>:

/* File includes */
#include "spi.h"

uint8_t spi_exchange(uint8_t data) {
    SPDR = data;
    79ee:	8e bd       	out	0x2e, r24	; 46
    while (!(SPSR & _BV(SPIF))); /* Waits until SPIF is set */
    79f0:	0d b4       	in	r0, 0x2d	; 45
    79f2:	07 fe       	sbrs	r0, 7
    79f4:	fd cf       	rjmp	.-6      	; 0x79f0 <spi_exchange+0x2>
    return SPDR; /* Reading the data register after reading SPIF clears SPIF */
    79f6:	8e b5       	in	r24, 0x2e	; 46
}
    79f8:	08 95       	ret

000079fa <spi_init>:

void spi_init(void) {
	SPI_DDR |= _BV(SPI_SS_NRF24) |_BV(SPI_SS_POT) | _BV(SPI_MOSI) |  _BV(SPI_SCK); /* Set pins as output */
    79fa:	84 b1       	in	r24, 0x04	; 4
    79fc:	8e 62       	ori	r24, 0x2E	; 46
    79fe:	84 b9       	out	0x04, r24	; 4
	SPI_DDR &= ~_BV(SPI_MISO); /* Set MISO as input */
    7a00:	24 98       	cbi	0x04, 4	; 4
    SPCR = _BV(SPE) | _BV(MSTR) | (SPI_MODE0 & SPI_MODE_MASK) | (SPI_CLOCK_DIV4 & SPI_CLOCK_MASK);
    7a02:	80 e5       	ldi	r24, 0x50	; 80
    7a04:	8c bd       	out	0x2c, r24	; 44
	SPSR = 1 << SPI2X; /* Double speed */
    7a06:	81 e0       	ldi	r24, 0x01	; 1
    7a08:	8d bd       	out	0x2d, r24	; 45
    7a0a:	08 95       	ret

00007a0c <nrf24_ce_digitalWrite>:
	return data;
}

void nrf24_ce_digitalWrite(uint8_t state)
{
	if(state){
    7a0c:	88 23       	and	r24, r24
    7a0e:	31 f0       	breq	.+12     	; 0x7a1c <nrf24_ce_digitalWrite+0x10>
		set_bit(NRF24_PORT,NRF24_CE);
    7a10:	28 9a       	sbi	0x05, 0	; 5
	#else
		//round up by default
		__ticks_dc = (uint32_t)(ceil(fabs(__tmp)));
	#endif

	__builtin_avr_delay_cycles(__ticks_dc);
    7a12:	85 e3       	ldi	r24, 0x35	; 53
    7a14:	8a 95       	dec	r24
    7a16:	f1 f7       	brne	.-4      	; 0x7a14 <nrf24_ce_digitalWrite+0x8>
    7a18:	00 00       	nop
    7a1a:	08 95       	ret
    7a1c:	8f e1       	ldi	r24, 0x1F	; 31
    7a1e:	93 e0       	ldi	r25, 0x03	; 3
    7a20:	01 97       	sbiw	r24, 0x01	; 1
    7a22:	f1 f7       	brne	.-4      	; 0x7a20 <nrf24_ce_digitalWrite+0x14>
    7a24:	00 c0       	rjmp	.+0      	; 0x7a26 <nrf24_ce_digitalWrite+0x1a>
    7a26:	00 00       	nop
		_delay_us(10); /* Minimum CE High period for stuff to work */
	}
	else{
		_delay_us(200); /* Minimum CE interval from last edge */
		clr_bit(NRF24_PORT,NRF24_CE);
    7a28:	28 98       	cbi	0x05, 0	; 5
    7a2a:	08 95       	ret

00007a2c <nrf24_csn_digitalWrite>:
	}
}

void nrf24_csn_digitalWrite(uint8_t state)
{
	if(state)
    7a2c:	88 23       	and	r24, r24
    7a2e:	11 f0       	breq	.+4      	; 0x7a34 <nrf24_csn_digitalWrite+0x8>
		set_bit(NRF24_PORT, NRF24_CS);
    7a30:	2a 9a       	sbi	0x05, 2	; 5
    7a32:	08 95       	ret
	else
		clr_bit(NRF24_PORT, NRF24_CS);
    7a34:	2a 98       	cbi	0x05, 2	; 5
    7a36:	08 95       	ret

00007a38 <nrf24_rx_address>:
	return NRF24_CHIP_NOMINAL;
}

/* Set the RX address */
void nrf24_rx_address(uint8_t adr[])
{
    7a38:	0f 93       	push	r16
    7a3a:	1f 93       	push	r17
    7a3c:	cf 93       	push	r28
    7a3e:	df 93       	push	r29
    7a40:	ec 01       	movw	r28, r24
	nrf24_csn_digitalWrite(LOW);
    7a42:	80 e0       	ldi	r24, 0x00	; 0
    7a44:	f3 df       	rcall	.-26     	; 0x7a2c <nrf24_csn_digitalWrite>
	spi_exchange(RX_ADDR_P1 | W_REGISTER);
    7a46:	8b e2       	ldi	r24, 0x2B	; 43
    7a48:	d2 df       	rcall	.-92     	; 0x79ee <spi_exchange>
    7a4a:	8e 01       	movw	r16, r28
    7a4c:	0d 5f       	subi	r16, 0xFD	; 253
    7a4e:	1f 4f       	sbci	r17, 0xFF	; 255
	for(uint8_t i=0; i<NRF24_ADDR_WIDTH; i++)
	{
		spi_exchange(adr[i]);
    7a50:	89 91       	ld	r24, Y+
    7a52:	cd df       	rcall	.-102    	; 0x79ee <spi_exchange>
/* Set the RX address */
void nrf24_rx_address(uint8_t adr[])
{
	nrf24_csn_digitalWrite(LOW);
	spi_exchange(RX_ADDR_P1 | W_REGISTER);
	for(uint8_t i=0; i<NRF24_ADDR_WIDTH; i++)
    7a54:	c0 17       	cp	r28, r16
    7a56:	d1 07       	cpc	r29, r17
    7a58:	d9 f7       	brne	.-10     	; 0x7a50 <nrf24_rx_address+0x18>
	{
		spi_exchange(adr[i]);
	}
	nrf24_csn_digitalWrite(HIGH);
    7a5a:	81 e0       	ldi	r24, 0x01	; 1
}
    7a5c:	df 91       	pop	r29
    7a5e:	cf 91       	pop	r28
    7a60:	1f 91       	pop	r17
    7a62:	0f 91       	pop	r16
	spi_exchange(RX_ADDR_P1 | W_REGISTER);
	for(uint8_t i=0; i<NRF24_ADDR_WIDTH; i++)
	{
		spi_exchange(adr[i]);
	}
	nrf24_csn_digitalWrite(HIGH);
    7a64:	e3 cf       	rjmp	.-58     	; 0x7a2c <nrf24_csn_digitalWrite>

00007a66 <nrf24_tx_address>:
}

/* Set the TX address */
void nrf24_tx_address(uint8_t adr[])
{
    7a66:	ef 92       	push	r14
    7a68:	ff 92       	push	r15
    7a6a:	0f 93       	push	r16
    7a6c:	1f 93       	push	r17
    7a6e:	cf 93       	push	r28
    7a70:	df 93       	push	r29
	nrf24_ce_digitalWrite(LOW);
    7a72:	ec 01       	movw	r28, r24
    7a74:	80 e0       	ldi	r24, 0x00	; 0
	
	/* Flush required if we need to change address on the fly */
	/* Flush TX FIFO */
	nrf24_csn_digitalWrite(LOW);
    7a76:	ca df       	rcall	.-108    	; 0x7a0c <nrf24_ce_digitalWrite>
    7a78:	80 e0       	ldi	r24, 0x00	; 0
	spi_exchange(FLUSH_TX);
    7a7a:	d8 df       	rcall	.-80     	; 0x7a2c <nrf24_csn_digitalWrite>
    7a7c:	81 ee       	ldi	r24, 0xE1	; 225
	nrf24_csn_digitalWrite(HIGH);
    7a7e:	b7 df       	rcall	.-146    	; 0x79ee <spi_exchange>
    7a80:	81 e0       	ldi	r24, 0x01	; 1
	
	nrf24_csn_digitalWrite(LOW);
    7a82:	d4 df       	rcall	.-88     	; 0x7a2c <nrf24_csn_digitalWrite>
    7a84:	80 e0       	ldi	r24, 0x00	; 0
	spi_exchange(TX_ADDR | W_REGISTER);
    7a86:	d2 df       	rcall	.-92     	; 0x7a2c <nrf24_csn_digitalWrite>
    7a88:	80 e3       	ldi	r24, 0x30	; 48
    7a8a:	b1 df       	rcall	.-158    	; 0x79ee <spi_exchange>
    7a8c:	7e 01       	movw	r14, r28
    7a8e:	83 e0       	ldi	r24, 0x03	; 3
    7a90:	e8 0e       	add	r14, r24
    7a92:	f1 1c       	adc	r15, r1
	for(uint8_t i=0; i<NRF24_ADDR_WIDTH; i++)
	{
		spi_exchange(adr[i]);
    7a94:	8e 01       	movw	r16, r28
    7a96:	f8 01       	movw	r30, r16
    7a98:	81 91       	ld	r24, Z+
    7a9a:	8f 01       	movw	r16, r30
    7a9c:	a8 df       	rcall	.-176    	; 0x79ee <spi_exchange>
	spi_exchange(FLUSH_TX);
	nrf24_csn_digitalWrite(HIGH);
	
	nrf24_csn_digitalWrite(LOW);
	spi_exchange(TX_ADDR | W_REGISTER);
	for(uint8_t i=0; i<NRF24_ADDR_WIDTH; i++)
    7a9e:	0e 15       	cp	r16, r14
    7aa0:	1f 05       	cpc	r17, r15
	{
		spi_exchange(adr[i]);
	}
	nrf24_csn_digitalWrite(HIGH);
    7aa2:	c9 f7       	brne	.-14     	; 0x7a96 <nrf24_tx_address+0x30>
    7aa4:	81 e0       	ldi	r24, 0x01	; 1
    7aa6:	c2 df       	rcall	.-124    	; 0x7a2c <nrf24_csn_digitalWrite>
    7aa8:	f5 e3       	ldi	r31, 0x35	; 53
    7aaa:	fa 95       	dec	r31
    7aac:	f1 f7       	brne	.-4      	; 0x7aaa <nrf24_tx_address+0x44>
    In terms of the delay functions, the CPU frequency can be given as
    a floating-point constant (e.g. 3.6864E6 for 3.6864 MHz).
    However, the macros in <util/setbaud.h> require it to be an
    integer value.
 */
# define F_CPU 1000000UL
    7aae:	00 00       	nop
    7ab0:	80 e0       	ldi	r24, 0x00	; 0
#endif
    7ab2:	bc df       	rcall	.-136    	; 0x7a2c <nrf24_csn_digitalWrite>
    7ab4:	8a e2       	ldi	r24, 0x2A	; 42

#ifndef __OPTIMIZE__
# warning "Compiler optimizations disabled; functions from <util/delay.h> won't work as designed"
    7ab6:	9b df       	rcall	.-202    	; 0x79ee <spi_exchange>
    7ab8:	89 91       	ld	r24, Y+
    7aba:	99 df       	rcall	.-206    	; 0x79ee <spi_exchange>
    However, the macros in <util/setbaud.h> require it to be an
    integer value.
 */
# define F_CPU 1000000UL
#endif

    7abc:	ec 16       	cp	r14, r28
    7abe:	fd 06       	cpc	r15, r29
    7ac0:	d9 f7       	brne	.-10     	; 0x7ab8 <nrf24_tx_address+0x52>
#ifndef __OPTIMIZE__
# warning "Compiler optimizations disabled; functions from <util/delay.h> won't work as designed"
#endif

    7ac2:	81 e0       	ldi	r24, 0x01	; 1
#if __HAS_DELAY_CYCLES && defined(__OPTIMIZE__) && \
    7ac4:	df 91       	pop	r29
    7ac6:	cf 91       	pop	r28
    7ac8:	1f 91       	pop	r17
    7aca:	0f 91       	pop	r16
    7acc:	ff 90       	pop	r15
#endif

#ifndef __OPTIMIZE__
# warning "Compiler optimizations disabled; functions from <util/delay.h> won't work as designed"
#endif

    7ace:	ef 90       	pop	r14
    7ad0:	ad cf       	rjmp	.-166    	; 0x7a2c <nrf24_csn_digitalWrite>

00007ad2 <nrf24_getStatus>:
	}
}

/* Get status register data */
uint8_t nrf24_getStatus()
{
    7ad2:	cf 93       	push	r28
	uint8_t rv;
	nrf24_csn_digitalWrite(LOW);
    7ad4:	80 e0       	ldi	r24, 0x00	; 0
    7ad6:	aa df       	rcall	.-172    	; 0x7a2c <nrf24_csn_digitalWrite>
	rv = spi_exchange(NOP);
    7ad8:	8f ef       	ldi	r24, 0xFF	; 255
    7ada:	89 df       	rcall	.-238    	; 0x79ee <spi_exchange>
    7adc:	c8 2f       	mov	r28, r24
	nrf24_csn_digitalWrite(HIGH);
    7ade:	81 e0       	ldi	r24, 0x01	; 1
    7ae0:	a5 df       	rcall	.-182    	; 0x7a2c <nrf24_csn_digitalWrite>
    7ae2:	8c 2f       	mov	r24, r28
	return rv;
}
    7ae4:	cf 91       	pop	r28
    7ae6:	08 95       	ret

00007ae8 <nrf24_payloadLength>:
/* Returns the length of data waiting in the RX FIFO */
uint8_t nrf24_payloadLength()
{
	uint8_t payload_len;
	
	nrf24_csn_digitalWrite(LOW);
    7ae8:	cf 93       	push	r28
    7aea:	80 e0       	ldi	r24, 0x00	; 0
    7aec:	9f df       	rcall	.-194    	; 0x7a2c <nrf24_csn_digitalWrite>
	spi_exchange(R_RX_PL_WID);
    7aee:	80 e6       	ldi	r24, 0x60	; 96
    7af0:	7e df       	rcall	.-260    	; 0x79ee <spi_exchange>
    7af2:	80 e0       	ldi	r24, 0x00	; 0
	payload_len=spi_exchange(0);
    7af4:	7c df       	rcall	.-264    	; 0x79ee <spi_exchange>
    7af6:	c8 2f       	mov	r28, r24
    7af8:	81 e0       	ldi	r24, 0x01	; 1
    7afa:	98 df       	rcall	.-208    	; 0x7a2c <nrf24_csn_digitalWrite>
	nrf24_csn_digitalWrite(HIGH);
    7afc:	8f ef       	ldi	r24, 0xFF	; 255
    7afe:	8c 0f       	add	r24, r28
	
	/* If payload is larger than 32 or equal to 0, an error has 
	 * occurred in transmission and payload must be discarded */
	if( (payload_len == 0) | (payload_len > NRF24_MAX_PAYLOAD)){
    7b00:	80 32       	cpi	r24, 0x20	; 32
    7b02:	38 f0       	brcs	.+14     	; 0x7b12 <nrf24_payloadLength+0x2a>
    7b04:	80 e0       	ldi	r24, 0x00	; 0
		/* Flush RX FIFO */
		nrf24_csn_digitalWrite(LOW);
    7b06:	92 df       	rcall	.-220    	; 0x7a2c <nrf24_csn_digitalWrite>
    7b08:	82 ee       	ldi	r24, 0xE2	; 226
		spi_exchange(FLUSH_RX);
    7b0a:	71 df       	rcall	.-286    	; 0x79ee <spi_exchange>
    7b0c:	81 e0       	ldi	r24, 0x01	; 1
    7b0e:	8e df       	rcall	.-228    	; 0x7a2c <nrf24_csn_digitalWrite>
		nrf24_csn_digitalWrite(HIGH);
    7b10:	c0 e0       	ldi	r28, 0x00	; 0
    7b12:	8c 2f       	mov	r24, r28
		payload_len = 0;
    7b14:	cf 91       	pop	r28
	}
	return payload_len;
}
    7b16:	08 95       	ret

00007b18 <nrf24_configRegister>:
	}
}

/* Write a single byte to register */
void nrf24_configRegister(uint8_t reg, uint8_t data)
{
    7b18:	cf 93       	push	r28
    7b1a:	df 93       	push	r29
    7b1c:	c8 2f       	mov	r28, r24
	nrf24_csn_digitalWrite(LOW);
    7b1e:	d6 2f       	mov	r29, r22
    7b20:	80 e0       	ldi	r24, 0x00	; 0
    7b22:	84 df       	rcall	.-248    	; 0x7a2c <nrf24_csn_digitalWrite>
	spi_exchange(W_REGISTER | (REGISTER_MASK & reg));
    7b24:	8c 2f       	mov	r24, r28
    7b26:	8f 71       	andi	r24, 0x1F	; 31
    7b28:	80 62       	ori	r24, 0x20	; 32
    7b2a:	61 df       	rcall	.-318    	; 0x79ee <spi_exchange>
	spi_exchange(data);
    7b2c:	8d 2f       	mov	r24, r29
    7b2e:	5f df       	rcall	.-322    	; 0x79ee <spi_exchange>
    7b30:	81 e0       	ldi	r24, 0x01	; 1
	nrf24_csn_digitalWrite(HIGH);
    7b32:	df 91       	pop	r29
}
    7b34:	cf 91       	pop	r28
    7b36:	7a cf       	rjmp	.-268    	; 0x7a2c <nrf24_csn_digitalWrite>

00007b38 <nrf24_resetStatus>:
	return rv;
}

/* Resets status register */
void nrf24_resetStatus(){
	nrf24_configRegister(STATUS, (1 << RX_DR) | (1 << TX_DS) | (1 << MAX_RT));
    7b38:	60 e7       	ldi	r22, 0x70	; 112
    7b3a:	87 e0       	ldi	r24, 0x07	; 7
    7b3c:	ed cf       	rjmp	.-38     	; 0x7b18 <nrf24_configRegister>

00007b3e <nrf24_setMode_RX>:
}

/* Set chip as receiver */
void nrf24_setMode_RX()
{
	if(rf24_mode != MODE_RX){
    7b3e:	80 91 00 01 	lds	r24, 0x0100	; 0x800100 <__data_start>
    7b42:	88 23       	and	r24, r24
    7b44:	81 f0       	breq	.+32     	; 0x7b66 <nrf24_setMode_RX+0x28>
		/* Config RF24 as receiver */
		nrf24_configRegister(CONFIG,nrf24_CONFIG|((1<<PWR_UP)|(1<<PRIM_RX)));
    7b46:	6f e7       	ldi	r22, 0x7F	; 127
    7b48:	80 e0       	ldi	r24, 0x00	; 0
	
		/* Enable receiver address on Pipe 1. Pipe 0 is for transmitting ACKs */
		nrf24_configRegister(EN_RXADDR,(0<<ERX_P0)|(1<<ERX_P1));
    7b4a:	e6 df       	rcall	.-52     	; 0x7b18 <nrf24_configRegister>
    7b4c:	62 e0       	ldi	r22, 0x02	; 2
    7b4e:	82 e0       	ldi	r24, 0x02	; 2
    7b50:	e3 df       	rcall	.-58     	; 0x7b18 <nrf24_configRegister>
	#else
		//round up by default
		__ticks_dc = (uint32_t)(ceil(fabs(__tmp)));
	#endif

	__builtin_avr_delay_cycles(__ticks_dc);
    7b52:	8f e8       	ldi	r24, 0x8F	; 143
    7b54:	91 e0       	ldi	r25, 0x01	; 1
    7b56:	01 97       	sbiw	r24, 0x01	; 1
    7b58:	f1 f7       	brne	.-4      	; 0x7b56 <nrf24_setMode_RX+0x18>
    7b5a:	00 c0       	rjmp	.+0      	; 0x7b5c <nrf24_setMode_RX+0x1e>
    7b5c:	00 00       	nop
	
		/* Settling time */
		_delay_us(100);
	
		/* Turn on chip */
		nrf24_ce_digitalWrite(HIGH);
    7b5e:	81 e0       	ldi	r24, 0x01	; 1
    7b60:	55 df       	rcall	.-342    	; 0x7a0c <nrf24_ce_digitalWrite>
	
		rf24_mode=MODE_RX;
    7b62:	10 92 00 01 	sts	0x0100, r1	; 0x800100 <__data_start>
    7b66:	08 95       	ret

00007b68 <nrf24_wait_tx_result>:
	return payload_len;
}

/* Waits until transmission is complete or timeout is reached */
uint8_t nrf24_wait_tx_result()
{
    7b68:	0f 93       	push	r16
    7b6a:	1f 93       	push	r17
    7b6c:	cf 93       	push	r28
	uint16_t timeout = 10000; /* ~100ms timeout with 10us delay each assertion */
	uint8_t status = nrf24_getStatus();
    7b6e:	b1 df       	rcall	.-158    	; 0x7ad2 <nrf24_getStatus>
    7b70:	b0 df       	rcall	.-160    	; 0x7ad2 <nrf24_getStatus>
	
	/* Waits while packet is being sent 
	 * TS_DS: Data sent. If auto_ack is on, this is only set when ACK is received.
	 * TX_FULL: Transmission FIFO is full.
	 * MAX_RT: Maximum retries reached. */
	status = nrf24_getStatus();
    7b72:	c8 2f       	mov	r28, r24
    7b74:	c0 72       	andi	r28, 0x20	; 32
	uint8_t msg_sent = status & (1 << TX_DS);
    7b76:	00 e1       	ldi	r16, 0x10	; 16
    7b78:	17 e2       	ldi	r17, 0x27	; 39
	
	while ((!msg_sent || (status & (1 << TX_FULL))) && !(status & (1 << MAX_RT)) && --timeout) {
    7b7a:	cc 23       	and	r28, r28
    7b7c:	59 f0       	breq	.+22     	; 0x7b94 <nrf24_wait_tx_result+0x2c>
    7b7e:	80 fd       	sbrc	r24, 0
    7b80:	09 c0       	rjmp	.+18     	; 0x7b94 <nrf24_wait_tx_result+0x2c>
    7b82:	60 e6       	ldi	r22, 0x60	; 96
    7b84:	87 e0       	ldi	r24, 0x07	; 7
		msg_sent = status & (1 << TX_DS);
		_delay_us(10);
	} /* Transmission will end here */
	
	/* Reset status register */
	nrf24_configRegister(STATUS,(1<<RX_DR) | (1<<TX_DS));
    7b86:	c8 df       	rcall	.-112    	; 0x7b18 <nrf24_configRegister>
    7b88:	da df       	rcall	.-76     	; 0x7b3e <nrf24_setMode_RX>
	
	/* Switch back to RX mode */
	nrf24_setMode_RX();
    7b8a:	81 e0       	ldi	r24, 0x01	; 1
    7b8c:	cc 23       	and	r28, r28
    7b8e:	79 f0       	breq	.+30     	; 0x7bae <nrf24_wait_tx_result+0x46>
    7b90:	80 e0       	ldi	r24, 0x00	; 0
    7b92:	0d c0       	rjmp	.+26     	; 0x7bae <nrf24_wait_tx_result+0x46>
    7b94:	84 fd       	sbrc	r24, 4
	 * TX_FULL: Transmission FIFO is full.
	 * MAX_RT: Maximum retries reached. */
	status = nrf24_getStatus();
	uint8_t msg_sent = status & (1 << TX_DS);
	
	while ((!msg_sent || (status & (1 << TX_FULL))) && !(status & (1 << MAX_RT)) && --timeout) {
    7b96:	f5 cf       	rjmp	.-22     	; 0x7b82 <nrf24_wait_tx_result+0x1a>
    7b98:	01 50       	subi	r16, 0x01	; 1
    7b9a:	11 09       	sbc	r17, r1
    7b9c:	91 f3       	breq	.-28     	; 0x7b82 <nrf24_wait_tx_result+0x1a>
		status = nrf24_getStatus();
    7b9e:	99 df       	rcall	.-206    	; 0x7ad2 <nrf24_getStatus>
    7ba0:	c8 2f       	mov	r28, r24
		msg_sent = status & (1 << TX_DS);
    7ba2:	c0 72       	andi	r28, 0x20	; 32
    7ba4:	95 e3       	ldi	r25, 0x35	; 53
    7ba6:	9a 95       	dec	r25
    7ba8:	f1 f7       	brne	.-4      	; 0x7ba6 <nrf24_wait_tx_result+0x3e>
    7baa:	00 00       	nop
    7bac:	e6 cf       	rjmp	.-52     	; 0x7b7a <nrf24_wait_tx_result+0x12>
	/* Finally check if data was sent or if conditions weren't met */
	if(msg_sent)
		return NRF24_MESSAGE_SENT;
	else
		return NRF24_MESSAGE_LOST;
}
    7bae:	cf 91       	pop	r28
    7bb0:	1f 91       	pop	r17
    7bb2:	0f 91       	pop	r16
    7bb4:	08 95       	ret

00007bb6 <nrf24_getData>:
	nrf24_ce_digitalWrite(HIGH);
}

/* Reads payload bytes into data array */
void nrf24_getData(uint8_t * data, uint8_t * pkt_len)
{
    7bb6:	cf 92       	push	r12
    7bb8:	df 92       	push	r13
    7bba:	ef 92       	push	r14
    7bbc:	ff 92       	push	r15
    7bbe:	0f 93       	push	r16
    7bc0:	1f 93       	push	r17
    7bc2:	cf 93       	push	r28
    7bc4:	7c 01       	movw	r14, r24
	/* Reset Received Data flag bit */
	nrf24_configRegister(STATUS,(1<<RX_DR));
    7bc6:	8b 01       	movw	r16, r22
    7bc8:	60 e4       	ldi	r22, 0x40	; 64
    7bca:	87 e0       	ldi	r24, 0x07	; 7

	/* Number of bytes in the RX FIFO */
	*pkt_len = nrf24_payloadLength();
    7bcc:	a5 df       	rcall	.-182    	; 0x7b18 <nrf24_configRegister>
    7bce:	8c df       	rcall	.-232    	; 0x7ae8 <nrf24_payloadLength>
    7bd0:	f8 01       	movw	r30, r16
	
	/* Pull down chip select */
	nrf24_csn_digitalWrite(LOW);
    7bd2:	80 83       	st	Z, r24
    7bd4:	80 e0       	ldi	r24, 0x00	; 0

	/* Send cmd to read RX payload */
	spi_exchange(R_RX_PAYLOAD);
    7bd6:	2a df       	rcall	.-428    	; 0x7a2c <nrf24_csn_digitalWrite>
    7bd8:	81 e6       	ldi	r24, 0x61	; 97
	
	/* Read payload */
	for (uint8_t i=0; i<*pkt_len; i++)
    7bda:	09 df       	rcall	.-494    	; 0x79ee <spi_exchange>
    7bdc:	c0 e0       	ldi	r28, 0x00	; 0
    7bde:	f8 01       	movw	r30, r16
    7be0:	80 81       	ld	r24, Z
	{
		data[i]=spi_exchange(0);
    7be2:	c8 17       	cp	r28, r24
    7be4:	48 f4       	brcc	.+18     	; 0x7bf8 <nrf24_getData+0x42>
    7be6:	67 01       	movw	r12, r14
    7be8:	cc 0e       	add	r12, r28
    7bea:	d1 1c       	adc	r13, r1
    7bec:	80 e0       	ldi	r24, 0x00	; 0
    7bee:	ff de       	rcall	.-514    	; 0x79ee <spi_exchange>
    7bf0:	f6 01       	movw	r30, r12

	/* Send cmd to read RX payload */
	spi_exchange(R_RX_PAYLOAD);
	
	/* Read payload */
	for (uint8_t i=0; i<*pkt_len; i++)
    7bf2:	80 83       	st	Z, r24
    7bf4:	cf 5f       	subi	r28, 0xFF	; 255
	{
		data[i]=spi_exchange(0);
	}
	
	/* Pull up chip select */
	nrf24_csn_digitalWrite(HIGH);
    7bf6:	f3 cf       	rjmp	.-26     	; 0x7bde <nrf24_getData+0x28>
}
    7bf8:	81 e0       	ldi	r24, 0x01	; 1
    7bfa:	cf 91       	pop	r28
    7bfc:	1f 91       	pop	r17
    7bfe:	0f 91       	pop	r16
    7c00:	ff 90       	pop	r15
	{
		data[i]=spi_exchange(0);
	}
	
	/* Pull up chip select */
	nrf24_csn_digitalWrite(HIGH);
    7c02:	ef 90       	pop	r14
    7c04:	df 90       	pop	r13
    7c06:	cf 90       	pop	r12
    7c08:	11 cf       	rjmp	.-478    	; 0x7a2c <nrf24_csn_digitalWrite>

00007c0a <nrf24_setMode_TX>:
}

/* Set chip as transmitter */
void nrf24_setMode_TX()
{
	if(rf24_mode != MODE_TX){
    7c0a:	80 91 00 01 	lds	r24, 0x0100	; 0x800100 <__data_start>
    7c0e:	81 30       	cpi	r24, 0x01	; 1
		/* Turn on chip in TX mode*/
		nrf24_configRegister(CONFIG, nrf24_CONFIG | (1<<PWR_UP) | (0<<PRIM_RX) );
    7c10:	a9 f0       	breq	.+42     	; 0x7c3c <nrf24_setMode_TX+0x32>
    7c12:	6e e7       	ldi	r22, 0x7E	; 126
    7c14:	80 e0       	ldi	r24, 0x00	; 0
	
		/* Enable receiver address on pipe 0 for ACKs*/
		nrf24_configRegister(EN_RXADDR,(1<<ERX_P0)|(0<<ERX_P1));
    7c16:	80 df       	rcall	.-256    	; 0x7b18 <nrf24_configRegister>
    7c18:	61 e0       	ldi	r22, 0x01	; 1
    7c1a:	82 e0       	ldi	r24, 0x02	; 2
    7c1c:	7d df       	rcall	.-262    	; 0x7b18 <nrf24_configRegister>
	
		/* Flush TX FIFO */
		nrf24_csn_digitalWrite(LOW);
    7c1e:	80 e0       	ldi	r24, 0x00	; 0
    7c20:	05 df       	rcall	.-502    	; 0x7a2c <nrf24_csn_digitalWrite>
		spi_exchange(FLUSH_TX);
    7c22:	81 ee       	ldi	r24, 0xE1	; 225
    7c24:	e4 de       	rcall	.-568    	; 0x79ee <spi_exchange>
    7c26:	81 e0       	ldi	r24, 0x01	; 1
		nrf24_csn_digitalWrite(HIGH);
    7c28:	01 df       	rcall	.-510    	; 0x7a2c <nrf24_csn_digitalWrite>
    7c2a:	8f e8       	ldi	r24, 0x8F	; 143
    7c2c:	91 e0       	ldi	r25, 0x01	; 1
    7c2e:	01 97       	sbiw	r24, 0x01	; 1
    7c30:	f1 f7       	brne	.-4      	; 0x7c2e <nrf24_setMode_TX+0x24>
    7c32:	00 c0       	rjmp	.+0      	; 0x7c34 <nrf24_setMode_TX+0x2a>

#endif /* _UTIL_DELAY_H_ */
    7c34:	00 00       	nop
    7c36:	81 e0       	ldi	r24, 0x01	; 1
    7c38:	80 93 00 01 	sts	0x0100, r24	; 0x800100 <__data_start>
    7c3c:	08 95       	ret

00007c3e <nrf24_sendData>:
	nrf24_csn_digitalWrite(HIGH);
}

/* Sends a packet of data with dynamic length */
void nrf24_sendData(uint8_t* data, uint8_t pkt_len)
{
    7c3e:	0f 93       	push	r16
    7c40:	1f 93       	push	r17
    7c42:	cf 93       	push	r28
    7c44:	df 93       	push	r29
	/* Go to Standby first */
	nrf24_ce_digitalWrite(LOW);
    7c46:	ec 01       	movw	r28, r24
    7c48:	16 2f       	mov	r17, r22
    7c4a:	80 e0       	ldi	r24, 0x00	; 0
	
	/* Set to transmitter mode */
	nrf24_setMode_TX();
    7c4c:	df de       	rcall	.-578    	; 0x7a0c <nrf24_ce_digitalWrite>
    7c4e:	dd df       	rcall	.-70     	; 0x7c0a <nrf24_setMode_TX>

	/* Pull down chip select */
	nrf24_csn_digitalWrite(LOW);
    7c50:	80 e0       	ldi	r24, 0x00	; 0
    7c52:	ec de       	rcall	.-552    	; 0x7a2c <nrf24_csn_digitalWrite>
    7c54:	80 ea       	ldi	r24, 0xA0	; 160

	/* Write cmd to write payload */
	spi_exchange(W_TX_PAYLOAD);
    7c56:	cb de       	rcall	.-618    	; 0x79ee <spi_exchange>
    7c58:	ce 01       	movw	r24, r28
    7c5a:	81 0f       	add	r24, r17
    7c5c:	91 1d       	adc	r25, r1
    7c5e:	8c 01       	movw	r16, r24
    7c60:	c0 17       	cp	r28, r16
	
	/* Write payload */
	for (uint8_t i=0; i<pkt_len; i++)
    7c62:	d1 07       	cpc	r29, r17
    7c64:	19 f0       	breq	.+6      	; 0x7c6c <nrf24_sendData+0x2e>
	{
		spi_exchange(data[i]);
    7c66:	89 91       	ld	r24, Y+
    7c68:	c2 de       	rcall	.-636    	; 0x79ee <spi_exchange>
    7c6a:	fa cf       	rjmp	.-12     	; 0x7c60 <nrf24_sendData+0x22>
    7c6c:	81 e0       	ldi	r24, 0x01	; 1
	}
	
	/* Pull up chip select */
	nrf24_csn_digitalWrite(HIGH);
    7c6e:	de de       	rcall	.-580    	; 0x7a2c <nrf24_csn_digitalWrite>
    7c70:	81 e0       	ldi	r24, 0x01	; 1
    7c72:	df 91       	pop	r29

	/* Start the transmission */
	nrf24_ce_digitalWrite(HIGH);
}
    7c74:	cf 91       	pop	r28
    7c76:	1f 91       	pop	r17
    7c78:	0f 91       	pop	r16
	
	/* Pull up chip select */
	nrf24_csn_digitalWrite(HIGH);

	/* Start the transmission */
	nrf24_ce_digitalWrite(HIGH);
    7c7a:	c8 ce       	rjmp	.-624    	; 0x7a0c <nrf24_ce_digitalWrite>

00007c7c <nrf24_readRegister>:
	nrf24_csn_digitalWrite(HIGH);
}

/* Read byte from nrf24 register */
uint8_t nrf24_readRegister(uint8_t reg)
{
    7c7c:	cf 93       	push	r28
	uint8_t data;
	nrf24_csn_digitalWrite(LOW);
    7c7e:	c8 2f       	mov	r28, r24
    7c80:	80 e0       	ldi	r24, 0x00	; 0
	spi_exchange(R_REGISTER | (REGISTER_MASK & reg));
    7c82:	d4 de       	rcall	.-600    	; 0x7a2c <nrf24_csn_digitalWrite>
    7c84:	8c 2f       	mov	r24, r28
    7c86:	8f 71       	andi	r24, 0x1F	; 31
	data=spi_exchange(0);
    7c88:	b2 de       	rcall	.-668    	; 0x79ee <spi_exchange>
    7c8a:	80 e0       	ldi	r24, 0x00	; 0
    7c8c:	b0 de       	rcall	.-672    	; 0x79ee <spi_exchange>
	nrf24_csn_digitalWrite(HIGH);
    7c8e:	c8 2f       	mov	r28, r24
    7c90:	81 e0       	ldi	r24, 0x01	; 1
    7c92:	cc de       	rcall	.-616    	; 0x7a2c <nrf24_csn_digitalWrite>
	return data;
}
    7c94:	8c 2f       	mov	r24, r28
    7c96:	cf 91       	pop	r28
    7c98:	08 95       	ret

00007c9a <nrf24_rxFifoEmpty>:
}

/* Checks if RX FIFO is empty or not */
uint8_t nrf24_rxFifoEmpty()
{
	uint8_t fifoStatus=nrf24_readRegister(FIFO_STATUS);
    7c9a:	87 e1       	ldi	r24, 0x17	; 23
    7c9c:	ef df       	rcall	.-34     	; 0x7c7c <nrf24_readRegister>
    7c9e:	80 95       	com	r24
		return NRF24_DATA_UNAVAILABLE;
	}
	else{
		return NRF24_DATA_AVAILABLE;
	}
}
    7ca0:	81 70       	andi	r24, 0x01	; 1
    7ca2:	08 95       	ret

00007ca4 <nrf24_dataReady>:
}

/* Checks if data was received or if there is data in the FIFO */
uint8_t nrf24_dataReady()
{
	uint8_t status = nrf24_getStatus();
    7ca4:	16 df       	rcall	.-468    	; 0x7ad2 <nrf24_getStatus>
    7ca6:	86 ff       	sbrs	r24, 6
	/* Check if Data Ready flag is set.*/
	/* RX_DR just means data has arrived in the FIFO,
	 * but we still need to verify if there is already
	 * data in the FIFO in the occasions where RX_DR
	 * isn't set. */
	if ( status & (1 << RX_DR) ) {
    7ca8:	f8 cf       	rjmp	.-16     	; 0x7c9a <nrf24_rxFifoEmpty>
		return NRF24_DATA_AVAILABLE;
	}
	return nrf24_rxFifoEmpty();
    7caa:	81 e0       	ldi	r24, 0x01	; 1
    7cac:	08 95       	ret

00007cae <nrf24_config>:
/* Current mode of operation of the rf24 chip */
static volatile uint8_t rf24_mode = MODE_IDLE;

/* Setup the module */
uint8_t nrf24_config(uint8_t *TX_addr, uint8_t *RX_addr)
{
    7cae:	0f 93       	push	r16
    7cb0:	1f 93       	push	r17
    7cb2:	cf 93       	push	r28
    7cb4:	df 93       	push	r29
    7cb6:	8c 01       	movw	r16, r24
    7cb8:	eb 01       	movw	r28, r22
	/* Set pins as output  */
	NRF24_DDR |= (_BV(NRF24_CE) | _BV(NRF24_CS));
    7cba:	84 b1       	in	r24, 0x04	; 4
    7cbc:	85 60       	ori	r24, 0x05	; 5
    7cbe:	84 b9       	out	0x04, r24	; 4
	
	/* Initialize pins */
	nrf24_ce_digitalWrite(LOW);
    7cc0:	80 e0       	ldi	r24, 0x00	; 0
    7cc2:	a4 de       	rcall	.-696    	; 0x7a0c <nrf24_ce_digitalWrite>
    7cc4:	81 e0       	ldi	r24, 0x01	; 1
	nrf24_csn_digitalWrite(HIGH);
    7cc6:	b2 de       	rcall	.-668    	; 0x7a2c <nrf24_csn_digitalWrite>
    7cc8:	8f e1       	ldi	r24, 0x1F	; 31
    7cca:	9e e4       	ldi	r25, 0x4E	; 78
	#else
		//round up by default
		__ticks_dc = (uint32_t)(ceil(fabs(__tmp)));
	#endif

	__builtin_avr_delay_cycles(__ticks_dc);
    7ccc:	01 97       	sbiw	r24, 0x01	; 1
    7cce:	f1 f7       	brne	.-4      	; 0x7ccc <nrf24_config+0x1e>
    7cd0:	00 c0       	rjmp	.+0      	; 0x7cd2 <nrf24_config+0x24>
    7cd2:	00 00       	nop
    7cd4:	61 e0       	ldi	r22, 0x01	; 1
    7cd6:	83 e0       	ldi	r24, 0x03	; 3
	
	_delay_ms(5); /* Some startup settling time */
	
	/* Address width */
	nrf24_configRegister(SETUP_AW, (NRF24_ADDR_WIDTH-2) << AW); 
    7cd8:	1f df       	rcall	.-450    	; 0x7b18 <nrf24_configRegister>
    7cda:	83 e0       	ldi	r24, 0x03	; 3
    7cdc:	cf df       	rcall	.-98     	; 0x7c7c <nrf24_readRegister>
    7cde:	81 30       	cpi	r24, 0x01	; 1
	
	/* Check the register we just configured */
	uint8_t regval = nrf24_readRegister(SETUP_AW);
    7ce0:	e1 f4       	brne	.+56     	; 0x7d1a <nrf24_config+0x6c>
    7ce2:	c8 01       	movw	r24, r16
	if (regval != (NRF24_ADDR_WIDTH-2) << AW)  /* There may be no nRF24 connected */
    7ce4:	c0 de       	rcall	.-640    	; 0x7a66 <nrf24_tx_address>
    7ce6:	ce 01       	movw	r24, r28
		return NRF24_CHIP_DISCONNECTED;

	/* Config addresses */
	nrf24_tx_address(TX_addr);
    7ce8:	a7 de       	rcall	.-690    	; 0x7a38 <nrf24_rx_address>
    7cea:	62 e0       	ldi	r22, 0x02	; 2
	nrf24_rx_address(RX_addr);
    7cec:	85 e0       	ldi	r24, 0x05	; 5
    7cee:	14 df       	rcall	.-472    	; 0x7b18 <nrf24_configRegister>
	
	// Set RF channel
	nrf24_configRegister(RF_CH, NRF24_CHANNEL);
    7cf0:	63 e0       	ldi	r22, 0x03	; 3
    7cf2:	8c e1       	ldi	r24, 0x1C	; 28
    7cf4:	11 df       	rcall	.-478    	; 0x7b18 <nrf24_configRegister>
    7cf6:	64 e0       	ldi	r22, 0x04	; 4

	/* Dynamic payload length for TX & RX (pipes 0 and 1) */
	nrf24_configRegister(DYNPD,(1<<DPL_P0)|(1<<DPL_P1)|(0<<DPL_P2)|(0<<DPL_P3)|(0<<DPL_P4)|(0<<DPL_P5));
    7cf8:	8d e1       	ldi	r24, 0x1D	; 29
    7cfa:	0e df       	rcall	.-484    	; 0x7b18 <nrf24_configRegister>
    7cfc:	66 e0       	ldi	r22, 0x06	; 6
    7cfe:	86 e0       	ldi	r24, 0x06	; 6
	
	/* Enable dynamic payload feature */
	nrf24_configRegister(FEATURE, 1 << EN_DPL);
    7d00:	0b df       	rcall	.-490    	; 0x7b18 <nrf24_configRegister>
    7d02:	63 e0       	ldi	r22, 0x03	; 3
    7d04:	81 e0       	ldi	r24, 0x01	; 1
    7d06:	08 df       	rcall	.-496    	; 0x7b18 <nrf24_configRegister>
	
	/* Speed: 250kbps, TX gain: 0dbm */
	nrf24_configRegister(RF_SETUP, (1 << RF_PWR_LOW) | (1 << RF_PWR_HIGH) | (0 << RF_DR_LOW) | (0 << RF_DR_HIGH));
    7d08:	6f e7       	ldi	r22, 0x7F	; 127
    7d0a:	84 e0       	ldi	r24, 0x04	; 4
    7d0c:	05 df       	rcall	.-502    	; 0x7b18 <nrf24_configRegister>
    7d0e:	60 e7       	ldi	r22, 0x70	; 112

	/* Enable ACKing on pipes 0 & 1 */
	nrf24_configRegister(EN_AA,(1<<ENAA_P0)|(1<<ENAA_P1)|(0<<ENAA_P2)|(0<<ENAA_P3)|(0<<ENAA_P4)|(0<<ENAA_P5));
    7d10:	87 e0       	ldi	r24, 0x07	; 7
    7d12:	02 df       	rcall	.-508    	; 0x7b18 <nrf24_configRegister>
    7d14:	14 df       	rcall	.-472    	; 0x7b3e <nrf24_setMode_RX>
    7d16:	80 e0       	ldi	r24, 0x00	; 0

	/* Auto retransmit delay: 2000 us and Up to 15 retransmissions */
	nrf24_configRegister(SETUP_RETR,(0x07<<ARD)|(0x0F<<ARC));
    7d18:	01 c0       	rjmp	.+2      	; 0x7d1c <nrf24_config+0x6e>
    7d1a:	81 e0       	ldi	r24, 0x01	; 1
    7d1c:	df 91       	pop	r29
    7d1e:	cf 91       	pop	r28
	
	/* Reset status bits */
	nrf24_configRegister(STATUS, (1 << RX_DR) | (1 << TX_DS) | (1 << MAX_RT));
    7d20:	1f 91       	pop	r17
    7d22:	0f 91       	pop	r16
    7d24:	08 95       	ret

00007d26 <putch>:

}

void putch(char ch) {

	while (!(UCSR0A & _BV(UDRE0)));
    7d26:	90 91 c0 00 	lds	r25, 0x00C0	; 0x8000c0 <__DATA_REGION_ORIGIN__+0x60>
    7d2a:	95 ff       	sbrs	r25, 5
    7d2c:	fc cf       	rjmp	.-8      	; 0x7d26 <putch>
	UDR0 = ch;
    7d2e:	80 93 c6 00 	sts	0x00C6, r24	; 0x8000c6 <__DATA_REGION_ORIGIN__+0x66>
    7d32:	08 95       	ret

00007d34 <getch>:
	static uint8_t rx_pkt_len = 0; /* Number of bytes in the local buffer */
	static uint8_t rx_pkt_ptr = 1; /* Start of data in the buffer */
	static uint8_t rx_pkt_buf[32]; /* Local buffer to store bytes before sending */

	while (1) {
		if ((UCSR0A & _BV(RXC0)) && !(UCSR0A & FE0) && !(UCSR0A & UPE0)) {
    7d34:	80 91 c0 00 	lds	r24, 0x00C0	; 0x8000c0 <__DATA_REGION_ORIGIN__+0x60>
    7d38:	87 ff       	sbrs	r24, 7
    7d3a:	fc cf       	rjmp	.-8      	; 0x7d34 <getch>
    7d3c:	80 91 c0 00 	lds	r24, 0x00C0	; 0x8000c0 <__DATA_REGION_ORIGIN__+0x60>
    7d40:	82 fd       	sbrc	r24, 2
    7d42:	f8 cf       	rjmp	.-16     	; 0x7d34 <getch>
    7d44:	80 91 c0 00 	lds	r24, 0x00C0	; 0x8000c0 <__DATA_REGION_ORIGIN__+0x60>
    7d48:	81 fd       	sbrc	r24, 1
    7d4a:	f4 cf       	rjmp	.-24     	; 0x7d34 <getch>
			ch = UDR0;
    7d4c:	80 91 c6 00 	lds	r24, 0x00C6	; 0x8000c6 <__DATA_REGION_ORIGIN__+0x66>
}


// Watchdog functions. These are only safe with interrupts turned off.
void watchdogReset() {
	__asm__ __volatile__ (
    7d50:	a8 95       	wdr
			}
		}
		#endif
	}
	return ch;
}
    7d52:	08 95       	ret

00007d54 <wait_timeout>:
	   "wdr\n"
	);
}

void watchdogConfig(uint8_t x) {
	WDTCSR = _BV(WDCE) | _BV(WDE);
    7d54:	88 e1       	ldi	r24, 0x18	; 24
    7d56:	80 93 60 00 	sts	0x0060, r24	; 0x800060 <__DATA_REGION_ORIGIN__>
	WDTCSR = x;
    7d5a:	88 e0       	ldi	r24, 0x08	; 8
    7d5c:	80 93 60 00 	sts	0x0060, r24	; 0x800060 <__DATA_REGION_ORIGIN__>
    7d60:	ff cf       	rjmp	.-2      	; 0x7d60 <wait_timeout+0xc>

00007d62 <verifySpace>:
	while (1)			      // and busy-loop so that WD causes
		;				      //  a reset and app start.
}

void verifySpace(void) {
	if (getch() != CRC_EOP)
    7d62:	e8 df       	rcall	.-48     	; 0x7d34 <getch>
    7d64:	80 32       	cpi	r24, 0x20	; 32
    7d66:	09 f0       	breq	.+2      	; 0x7d6a <verifySpace+0x8>
    7d68:	f5 df       	rcall	.-22     	; 0x7d54 <wait_timeout>
		wait_timeout();
    7d6a:	84 e1       	ldi	r24, 0x14	; 20
    7d6c:	dc cf       	rjmp	.-72     	; 0x7d26 <putch>

00007d6e <watchdogConfig>:
	   "wdr\n"
	);
}

void watchdogConfig(uint8_t x) {
	WDTCSR = _BV(WDCE) | _BV(WDE);
    7d6e:	e0 e6       	ldi	r30, 0x60	; 96
    7d70:	f0 e0       	ldi	r31, 0x00	; 0
    7d72:	98 e1       	ldi	r25, 0x18	; 24
    7d74:	90 83       	st	Z, r25
	WDTCSR = x;
    7d76:	80 83       	st	Z, r24
    7d78:	08 95       	ret

00007d7a <appStart>:
	   "wdr\n"
	);
}

void watchdogConfig(uint8_t x) {
	WDTCSR = _BV(WDCE) | _BV(WDE);
    7d7a:	e0 e6       	ldi	r30, 0x60	; 96
    7d7c:	f0 e0       	ldi	r31, 0x00	; 0
    7d7e:	98 e1       	ldi	r25, 0x18	; 24
    7d80:	90 83       	st	Z, r25
	WDTCSR = x;
    7d82:	9e e0       	ldi	r25, 0x0E	; 14
    7d84:	90 83       	st	Z, r25
	watchdogConfig(WATCHDOG_SELECTION); /* Re-enable watchdog for user app */

	//  save the reset flags in the designated register
	//  This can be saved in a main program by putting code in .init0 (which
	//  executes before normal c init code) to save R2 to a global variable.
	__asm__ __volatile__ ("mov r2, %0\n" :: "r" (rstFlags));
    7d86:	28 2e       	mov	r2, r24
	__asm__ __volatile__ (
    7d88:	ee 27       	eor	r30, r30
    7d8a:	ff 27       	eor	r31, r31
    7d8c:	09 94       	ijmp
